    P R O G R A M   B E N 		COBOL 4(56)	11-APR-73  05:55		PAGE 1

    0001    IDENTIFICATION DIVISION.
    0002    PROGRAM-ID. BEN.
    0003    AUTHOR. BENBELAID.
    0004    INSTALLATION. PDP-10.
    0005    DATE-WRITTEN. 04-10-73.
    0006    DATE-COMPILED. 11-APR-73. 
    0007    REMARKS. AUCUNE.
    0008    ENVIRONMENT DIVISION.
    0009    CONFIGURATION SECTION.
    0010    SOURCE-COMPUTER. DECsystem-10. 
    0011    OBJECT-COMPUTER. PDP-10.
    0012    INPUT-OUTPUT SECTION.
    0013    FILE-CONTROL.
    0014           SELECT FILEENTER ASSIGN TO DSK
    0015           RECORDING MODE IS ASCII.
    0016           SELECT FICAR ASSIGN TO DSK
    0017           RECORDING MODE IS ASCII.
    0018           SELECT FIBAN ASSIGN TO DSK
    0019           RECORDING MODE IS ASCII.
    0020           SELECT FICHIMP ASSIGN TO DSK
    0021           RECORDING MODE IS ASCII.
    0022    DATA DIVISION.
    0023    FILE SECTION.
    0024    FD FICAR
	       ^

***				FATAL - VALUE OF ID & VALUE OF DATE-WRITTEN NOT ALLOWED

    0025           RECORD CONTAINS 80
    0026           LABEL RECORDS ARE OMITTED
    0027           VALUE OF IDENTIFICATION IS "FICAR DAT".
    0028    01 ENTREE PICTURE X(80).
    0029    FD FILEENTER
    0030           BLOCK CONTAINS 100
    0031           LABEL RECORDS ARE OMITTED
	           ^

***				FATAL - 'RECORDS' OR 'CHARACTERS' REQUIRED

    0032           VALUE OF IDENTIFICATION IS FILEENTER.
	                                      ^

***				FATAL - IMPROPER CLAUSE

    0033    01 CARENTR.
    0034           02 COLONNE PICTURE X OCCURS 80.
    0035    FD FIBAN
	       ^

***				FATAL - VALUE OF ID REQUIRED

    0036           BLOCK CONTAINS 100
    0037           RECORD CONTAINS 80
	                  ^

***				FATAL - IMPROPER CLAUSE    P R O G R A M   B E N 		COBOL 4(56)	11-APR-73  05:55		PAGE 1-1


    0038           LABEL RECORDS ARE OMITTED
    0039           VALUE OF IDENTIFICATION IS FIBAN.
    0040    01 SORTIE.
    0041           02 ENRGT PICTURE X(80).
    0042    FD FICHIMP
    0043           RECORD CONTAINS 132
    0044           LABEL RECORDS ARE OMITTED
    0045           VALUE OF IDENTIFICATION IS FICHIMP.
	                                      ^

***				FATAL - IMPROPER CLAUSE

    0046    01 LISTE PICTURE X(132).
    0047    WORKING-STORAGE SECTION.
    0048    77 MAJMAX PICTURE 999 COMPUTATIONAL VALUE IS ZERO.
    0049    77 I PICTURE 999 COMPUTATIONAL.
    0050    77 JMAX PICTURE 999 COMPUTATIONAL.
    0051    77 K PICTURE 999 COMPUTATIONAL.
    0052    77 KMAX PICTURE 999 COMPUTATIONAL VALUE IS 1.
    0053    77 J PICTURE 999 COMPUTATIONAL.
    0054    77 L PICTURE 999 COMPUTATIONAL.
    0055    77 M PICTURE 999 COMPUTATIONAL.
    0056    77 AIG PICTURE 9 COMPUTATIONAL-3 VALUE IS ZERO.
	                     ^

***				FATAL - IMPROPER CLAUSE

    0057    01 TABA.
    0058    02 LIGNE OCCURS 100.
    0059    03 COLON PICTURE X OCCURS 80.
    0060    01 TABS.
    0061    02 S PICTURE 99 OCCURD 80 COMPUTATIONAL.
	                    ^

***				FATAL - IMPROPER CLAUSE

    0062    01 TABINITR.
    0063    02 INITR PICTURE 999 OCCURS 100 COMPUTATIONAL.
    0064    01 TABR.
    0065    02 R PICTURE 999 OCCURS 100 COMPUTATIONAL.
    0066    01 TITRE.
    0067    02 FILLER PICTURE X(43) VALUE SPACES.
    0068    02 LIBELLE PICTURE X(46) VALUE 'LISTE DES CARTES ERRONNEES'.
    0069    02 FILLER PICTURE X(43) VALUE SPACES.
    0070    01 LIGCART.
    0071    02 FILLER PICTURE X VALUE IS SPACE.
    0072    02 ZON PICTURE X(80).
    0073    02 FILLER PICTURE X(51) VALUE IS SPACE.
    0074    PROCEDURE DIVISION.
    0075    USER-FIRST-PARAGRAPH.
    0076    INITIALISATION SECTION.
	    ^

***				FATAL - STATEMENT EXPECTED
    P R O G R A M   B E N 		COBOL 4(56)	11-APR-73  05:55		PAGE 1-2

    0077    OPEN INPUT FICAR FILEENTR OUTPUT FIBAN FICHIMP.
	    ^

***				FATAL - PARAGRAPH NAME EXPECTED

    0078    LECAR. READ FICAR AT END GOTO ETIQ1.
    0079    COMPUTE MAJMAX=MAJMAX+1
    0080    IF MAJMAX IS GREATER THAN 100
    0081    DISPLAY 'DEPASSEMENT DE CAPACITE DU TABLEAU A' UPON CONSOLE
    0082    STOP RUN.
    0083    MOVE ENTREE TO LIGNE(MAJMAX)
    0084    MOVE MAJMAX TO INITR(MAJMAX)
    0085    GOTO LECAR.
	        ^^

***				PERIOD ASSUMED
***				FATAL - STATEMENT EXPECTED

    0086    ETIQ1. CLOSE FICAR.
    0087    TRAITEMENT SECTION.
    0088    PERFORM CONSTS THRU FINCONSTS VARYING I FROM 1 BY 1
	    ^

***				FATAL - PARAGRAPH NAME EXPECTED

    0089    UNTIL I IS GREATER THAN 80.
    0090    LEC. READ FILEENTER AT END GOTO FIN.
	                               ^

***				FATAL - STATEMENT EXPECTED

    0091    MOVE MAJMAX TO JMAX
    0092    MOVE TABINITR TO TABR
    0093    MOVE 1 TO K.
    0094    ETIQ2. MOVE 1 TO J
    0095    MOVE ZERO TO M
    0096    MOVE S(K) TO L.
	         ^

***				FATAL - MAY NOT BE SUBSCRIPTED

    0097    ETIQ3. MOVE R(J) TO I
    0098    IF COLONNE(L) IS EQUAL TO COLON(I L)
    0099    OR COLON(I L) IS EQUAL TO SPACE
    0100    GOTO ETIQ8
	   1^  2^^

***				1) FATAL - STATEMENT EXPECTED
***				2) PERIOD ASSUMED
***				2) FATAL - STATEMENT EXPECTED

    0101    ELSE GOTO ETIQ9.
    0102    ETIQ8. ADD 1 TO M
    0103    MOVE I TO R(M).
    0104    ETIQ9. ADD 1 TO J
    0105    IF J IS GREATER THAN JMAX    P R O G R A M   B E N 		COBOL 4(56)	11-APR-73  05:55		PAGE 1-3

    0106    GOTO ETIQ4
	   1^  2^^

***				1) FATAL - STATEMENT EXPECTED
***				2) PERIOD ASSUMED
***				2) FATAL - DUPLICATE PARAGRAPH IN THIS SECTION
***				2) FATAL - STATEMENT EXPECTED

    0107    ELSE GOTO ETIQ3.
    0108    ETIQ4. IF M IS EQUAL TO ZERO
    0109    GOTO ETIQ5.
	   1^  2^^

***				1) FATAL - STATEMENT EXPECTED
***				2) PERIOD ASSUMED
***				2) FATAL - DUPLICATE PARAGRAPH IN THIS SECTION
***				2) FATAL - STATEMENT EXPECTED

    0110    MOVE M TO JMAX
    0111    ADD 1 TO K
    0112    IF K EQUAL TO KMAX
    0113    GOTO ETIQ6
	   1^  2^^

***				1) FATAL - STATEMENT EXPECTED
***				2) PERIOD ASSUMED
***				2) FATAL - DUPLICATE PARAGRAPH IN THIS SECTION
***				2) FATAL - STATEMENT EXPECTED

    0114    ELSE GOTO ETIQ2.
    0115    ETIQ6. IF DEPCAP OR AIG IS EQUAL TO ZERO
	             1^    2^

***				1) FATAL - NOT DEFINED
***				2) PERIOD ASSUMED

    0116    WRITE LISTE FROM TITRE AFTER ADVANCING O LINES.
	   1^                                     2^

***				1) FATAL - STATEMENT EXPECTED
***				2) FATAL - IDENTIFIER, NUMERIC LITERAL, OR MNEMONIC-NAME EXPECTED

    0117    MOVE CARENTR TO ZON
    0118    MOVE 1 TO AIG
    0119    WRITE LISTE FROM LIGCART AFTER ADVANCING 2 LINES
    0120    GOTO LEC.
	        ^^

***				PERIOD ASSUMED
***				FATAL - DUPLICATE PARAGRAPH IN THIS SECTION
***				FATAL - STATEMENT EXPECTED

    0121    ETIQ5. WRITE SORTIE FROM CARENTR
    0122    GOTO LEC.
	        ^^
    P R O G R A M   B E N 		COBOL 4(56)	11-APR-73  05:55		PAGE 1-4

***				PERIOD ASSUMED
***				FATAL - DUPLICATE PARAGRAPH IN THIS SECTION
***				FATAL - STATEMENT EXPECTED

    0123    FIN. IF AIG IS EQUAL  TO ZERO
    0124    DISPLAY 'AUCUNE CARTE FAUSSE' UPON CONSOLE.
    0125    CLOSE FICAR FIBAN FICHIMP FILEENTR
	                              ^

***				FATAL - STATEMENT EXPECTED

    0126    STOP RUN.
    0127    CONSTS. MOVE ZERO TO J.
    0128    STS1. ADD 1 TO J
    0129    IF J IS GREATER THAN MAJMAX
    0130    GOTO FINCONSTS.
	   1^  2^^

***				1) FATAL - STATEMENT EXPECTED
***				2) PERIOD ASSUMED
***				2) FATAL - DUPLICATE PARAGRAPH IN THIS SECTION
***				2) FATAL - STATEMENT EXPECTED

    0131    IF COLON(J I) IS EQUAL TO SPACE
    0132    GOTO STS1.
	   1^  2^^

***				1) FATAL - STATEMENT EXPECTED
***				2) PERIOD ASSUMED
***				2) FATAL - DUPLICATE PARAGRAPH IN THIS SECTION
***				2) FATAL - STATEMENT EXPECTED

    0133    MOVE 1 TO S(KMAX)
	              ^

***				FATAL - MAY NOT BE SUBSCRIPTED

    0134    ADD 1 TO KMAX.
    0135    FINCONSTS.EXIT.

40 FATAL ERRORS, 10 WARNINGS
  