PRDRC - SIMPL VERS 2.00 17-JUN 1974 16:03



     1	DEF ALT.NAME(A,B) AS A=B
     2	DEF ALT.ENTRY(A,B) AS \ENTRYNAME A
     3	!  IOCS DEFS OF INTEREST TO USER
     4	
     5	!  FILE DESCRIPTORS PASSED TO %OPEN
     6	
     7	!MAINTAIN ORDER OF FILE TYPES (SEE %OPEN1)
     8	
     9	DEF INPUT AS 0
    10	DEF UPDATE AS 1
    11	DEF OUTPUT AS 2
    12	DEF OUTMSG AS 3
    13	
    14	!FILE TYPE MODIFIERS
    15	
    16	DEF NEW AS OCT 100
    17	DEF OLD AS OCT 200
    18	
    19	!FILE MODES
    20	
    21	DEF SEQUEN AS 0
    22	DEF DIRECT AS OCT 10
    23	
    24	!FILE ORGANIZATIONS
    25	
    26	DEF WORD AS 0
    27	DEF CHARACTER AS OCT 20
    28	DEF PACK AS OCT 40
    29	
    30	!  FILE NUMBERS  (FNMIN IS MIN CHANNEL WHICH WILL BE USED)
    31	
    32	DEF FNMIN AS 1            !MIN AND MAX FILE NUMBERS
    33	DEF FNMAX AS 15           !AVAILABLE, EXCLUDING TEL
    34	DEF TEL AS (FNMIN-1)        !FILE NO. INDICATING TERMINAL 
    35	
    36	!  ERROR NUMBERS (ERRNUM VALUES)
    37	
    38	DEF TMFERR AS 1     !TOO MANY FILES OPEN (OPEN)
    39	DEF FMDERR AS 2     !BAD FILE MODE OR TYPE FOR ATTEMPTED OPERATION
    40	                    !(OPEN SEQUEN UPDATE, SETCP OR ERASE SEQUEN,
    41	                    !WRITE OR ERASE INPUT, READ SEQUEN OUTPUT)
    42	DEF IFDERR AS 3     !ILLEGAL FILE IDENTIFIER (SETFID, OPEN, DELETE, RENAME)
    43	DEF CNFERR AS 4     !NEW/OLD FILE MESSAGE NOT CONFIRMED (OPEN OUTMSG)
    44	                    !OR TYPE MODIFIER CONFLICT - FILE NOT NEW/OLD (OPEN OUTPUT OR UPDATE)
    45	
    46	!ORDER OF FOLLOWING 5 NOS. SHALL BE MAINTAINED. (ALL BUT LAST MAY
    47	!OCCUR DURING OPEN, DELETE, OR RENAME)
    48	
    49	DEF FNFERR AS 5     !FILE NOT FOUND
    50	DEF IUSERR AS 6     !INVALID USER NAME (BAD PPN)
    51	DEF PRTERR AS 7     !PROTECTION VIOLATION ATTEMPT
    52	DEF FBSERR AS 8     !FILE BUSY
    53	DEF AEFERR AS 9     !NEW NAME BELONGS TO ALREADY EXISTING FILE  (RENAME)
    54	
    55	DEF EOFERR AS 10    !END OF FILE (R, RB, GETLINE)
    56	DEF LNGERR AS 11    !LINE TOO LONG (GETLINE FROM FILE)
    57	DEF TELERR AS 12    !ILLEGAL OPERATION ON TEL (OPEN, DELETE, RENAME,
    58	                    !CP, SIZE)
    59	DEF ARGERR AS 13    !BAD ARGUMENT VALUE - SUCH AS:
    60	                    !NEGATIVE CURSOR POSITION (SETCP, ERASE),
    61	                    !NEG. COUNT (RB, WB)
    62	DEF CORERR AS 14    !OUT OF CORE (OPEN, BLOCK, RELEASE)
    63	
    64	FIND ALT.NAME("$STS",STS)
    65	FIND ALT.NAME("$CFN",CFN)
    66	FIND ALT.NAME("$SETCF",%SETCFN)
    67	FIND ALT.NAME("$EXU",%EXU)
    68	FIND ALT.NAME("$EXUF",%EXUF)
    69	FIND ALT.NAME("$IOCS",%IOCS)
    70	FIND ALT.NAME("$OPEN",%OPEN)
    71	FIND ALT.NAME("$SETFI",%SETFID)
    72	FIND ALT.NAME("$TELCH",%TELCHK)
    73	FIND ALT.NAME("$WFID",%WFID)
    74	FIND ALT.NAME("$CLOSE",%CLOSE)
    75	FIND ALT.NAME("$CANCE",%CANCEL)
    76	FIND ALT.NAME("$BUFDU",%BUF.DUMP)
    77	FIND ALT.NAME("$OPENP",%OPENP)
    78	FIND ALT.NAME("$SETFP",%SETFIP)
    79	FIND ALT.NAME("$SETMO",%SETMODE)
    80	FIND ALT.NAME("$CLALL",%CLOSE.ALL)
    81	FIND ALT.NAME("$CAALL",%CANC.ALL)
    82	FIND ALT.NAME("$PLNCH",%PLNCHK)
    83	FIND ALT.NAME("$PLNW",%PLNW)
    84	FIND ALT.NAME("$SETTA",%SET.TAB)
    85	FIND ALT.NAME("$SETTE",%SET.TERM)
    86	FIND ALT.NAME("$SETPR",%SET.PRMPT)
    87	FIND ALT.NAME("$TABOF",%TAB.OFF)
    88	FIND ALT.NAME("$R",%R)
    89	FIND ALT.NAME("$GETLI",%GETLINE)
    90	FIND ALT.NAME("$W",%W)
    91	FIND ALT.NAME("$WX",%WX)
    92	FIND ALT.NAME("$ERASE",%ERASE)
    93	FIND ALT.NAME("$SETCP",%SETCP)
    94	FIND ALT.NAME("$CP",%CP)
    95	FIND ALT.NAME("$SIZE",%SIZE)
    96	FIND ALT.NAME("$WB",%WB)
    97	FIND ALT.NAME("$RB",%RB)
    98	FIND ALT.NAME("$BLOCK",%BLOCK)
    99	FIND ALT.NAME("$RELEA",%RELEASE)
   100	FIND ALT.NAME("$DELET",%DELETE)
   101	FIND ALT.NAME("$RENAM",%RENAME)
   102	FIND ALT.NAME("$CLIBU",%CLIBUF)
   103	FIND ALT.NAME("$CLOBU",%CLOBUF)
   104	FIND ALT.NAME("$TTYLE",%TTYLEN)
   105	FIND ALT.NAME("$GET",%GET)
   106	FIND ALT.NAME("$PUT",%PUT)
   107	FIND ALT.NAME("$PUTX",%PUTX)
   108	FIND ALT.NAME("$PUTC",%PUTC)
   109	FIND ALT.NAME("$PRINT",%PRINT)
   110	FIND ALT.NAME("$PRINC",%PRINTC)
   111	FIND ALT.NAME("$MSG",%MSG)
   112	FIND ALT.NAME("$SETRW",%SETRWE)
   113	FIND ALT.NAME("$FPMSG",%F.P.MSG)
   114	FIND ALT.NAME("$FPRNT",%F.P.PRINT)
   115	FIND ALT.NAME("$OFFAL",%OFFALT)
   116	FIND ALT.NAME("$ONALT",%ONALT)
   117	FIND ALT.NAME("$ONALC",%ONALT.C)
   118	FIND ALT.NAME("$ALTLO",ALTLOC)
   119	FIND ALT.NAME("$ERRNU",ERRNUM)
   120	
   121	DEF TO.TERM   AS 1
   122	DEF TO.TOUT   AS 2
   123	DEF TO.BOTH   AS 3
   124	DEF TO.NEITHER AS 4
   125	
   126	FIND ALT.NAME("$XTOUT",%EX.TOUT)
   127	FIND ALT.NAME("$EXCFN",%EX.CFN)
   128	FIND ALT.NAME("$TDEST",%TT.DEST)
   129	FIND ALT.NAME("$CECHO",%CF.ECHO)
   130	FIND ALT.NAME("$TECHO",%TT.ECHO)
   131	FIND ALT.NAME("$RSBRK",%RS.BRK)
   132	FIND ALT.NAME("$RSALT",%RS.ALT)
   133	FIND ALT.NAME("$DDOVR",%DDT.OVR)
   134	
   135	FIND ALT.NAME("$FIDP",FIDP())
   136	DEF LOCWPF AS 5
   137	DEF MAXARG AS 27
   138	DEF MINARG AS 5
   139	DEF WPF AS (LOCWPF+1+MINARG)
   140	DEF MAXWPF AS (LOCWPF+1+MAXARG)
   141	! EXTENDED ARGUMENT BLOCK:
   142	DEF ARGCNT(TBL) AS TBL(LOCWPF)
   143	DEF PPNARG(TBL) AS TBL(LOCWPF+1)
   144	DEF NAMARG(TBL) AS TBL(LOCWPF+2)
   145	DEF EXTARG(TBL) AS TBL(LOCWPF+3)
   146	DEF PRVARG(TBL) AS TBL(LOCWPF+4)
   147	DEF FILSIZ(TBL) AS TBL(LOCWPF+5)
   148	DEF EXTQ(TBL) AS TBL(0)
   149	DEF USRNAM(TBL) AS TBL(1)
   150	DEF DEVNAM(TBL) AS TBL(3)
   151	
   152	!  GETLINE 
   153	
   154	DEF LLEN AS 256                !MAX. LINE LENGTH
   155	DEF GLBCMX AS (LLEN+1)         !MAX. CHAR CAPACITY
   156	DEF CPW AS CHARS.PER.WORD
   157	DEF GLBSZ AS ((GLBCMX+CPW-1)/CPW)  !SIZE IN WORDS
   158	FIND ALT.NAME("$FREE",FREE(0:GLBSZ-1))   !GETLINE INTERNAL BUFFER (AVAILABLE
   159	                                         !BETWEEN GETLINE CALLS)
   160	FIND ALT.NAME("$IMAGE",IMAGE(0:GLBSZ-1)) !GETLINE IMAGE LINE BUFFER
   161	FIND ALT.NAME("$GLCNT",GLCNT)            !GETLINE CHAR COUNT
   162	FIND ALT.NAME("$SFOIO",%SFOIO)
   163	FIND ALT.NAME("$SFOPN",%SFOPN)
   164	FIND ALT.NAME("$SFOPA",%SFOPNA)
   165	FIND ALT.NAME("$SFCLS",%SFCLS)
   166	FIND ALT.NAME("$SFCAN",%SFCAN)
   167	FIND ALT.NAME("$SFCLA",%SFCLS.ALL)
   168	FIND ALT.NAME("$SFCAA",%SFCAN.ALL)
   169	FIND ALT.NAME("$IOINI",%IOINIT)
   170	FIND ALT.NAME("$IOSAV",%IOSAVE)
   171	FIND ALT.NAME("$IORES",%IORESTORE)
   172	FIND ALT.NAME("$IOCLE",%IOCLEAR)
   173	FIND ALT.NAME("$SFR",%SFR)
   174	FIND ALT.NAME("$SFRF",%SFRF)
   175	FIND ALT.NAME("$SFRFA",%SFRFA)
   176	FIND ALT.NAME("$SFW",%SFW)
   177	FIND ALT.NAME("$SFWF",%SFWF)
   178	FIND ALT.NAME("$SFWFA",%SFWFA)
   179	FIND ALT.NAME("$SFDEF",%SFDEF)
   180	FIND ALT.NAME("$SFDEA",%SFDEFA)
   181	FIND ALT.NAME("$SFENF",%SFENF)
   182	FIND ALT.NAME("$SFENA",%SFENFA)
   183	FIND ALT.NAME("$INTEL",%INTEL)
   184	FIND ALT.NAME("$RLEL",%RLEL)
   185	FIND ALT.NAME("$DBEL",%DBEL)
   186	FIND ALT.NAME("$CMPEL",%CMPEL)
   187	FIND ALT.NAME("$LGCEL",%LGCEL)
   188	FIND ALT.NAME("$STREL",%STREL)
   189	FIND ALT.NAME("$INTEA",%INTELA)
   190	FIND ALT.NAME("$RLELA",%RLELA)
   191	FIND ALT.NAME("$DBELA",%DBELA)
   192	FIND ALT.NAME("$CMPEA",%CMPELA)
   193	FIND ALT.NAME("$LGCEA",%LGCELA)
   194	FIND ALT.NAME("$STREA",%STRELA)
   195	FIND ALT.NAME("$SFEOL",%SFEOL)
   196	FIND ALT.NAME("$SFPRI",%SFPRINT)
   197	FIND ALT.NAME("$SFSET",%SFSETP)
   198	FIND ALT.NAME("$SFP",%SFP)
   199	FIND ALT.NAME("$SFSZ",%SFSZ)
   200	FIND ALT.NAME("$ERRLA",ERRLAB)
   201	FIND ALT.NAME("$EOFLA",EOFLAB)
   202	FIND ALT.NAME("$ERRVA",ERRVAR)
   203	FIND ALT.NAME("$BUFCN",BUFCNT)
   204	
   205	DEF SFINP AS 0
   206	DEF SFOUTP AS 1
   207	DEF RANDOM AS 2
   208	DEF RANDIO AS 7
   209	DEF FIXED AS OCT 10
   210	DEF BINARY AS OCT 20
   211	! Production runtime control. Loaded when in production mode.
   212	
   213	\ENTRYNAME "%SFODB"    ! FORCE LOADING IF DEBUG SWITCH NOT SET
   214	
   215	GLOBAL ALT.NAME("$RUNCT",%RUNCTL)
   216	GLOBAL ALT.NAME("$STM",%STM)
   217	GLOBAL ALT.NAME("$QUIT",%QUIT)
   218	GLOBAL ALT.NAME("$XIT",%XIT)
   219	GLOBAL ALT.NAME("$PAWS",%PAWS)
   220	GLOBAL ALT.NAME("$CONER",%CONERR)
   221	GLOBAL ALT.NAME("$NCNER",%NCNERR)
   222	
   223	FIND ALT.NAME('$SFOED',SFOED)   ! 1 IF FROM EDITOR, 0 IF FROM TYMEX
   224	FIND ALT.NAME('$SFRUN',%SFRUN)
   225	FIND ALT.NAME('$SFOIN',SFOIN)   ! 1 IF INITIALIZE, 0 IF RUN
   226	
   227	LOCAL %ASK, %EIEXIT, %EIQUIT
   228	
   229	TABLE CONMSG['$Do you want to continue?? Type YES or NO. ']
   230	TABLE YESNO(0:2)[2,'YES','NO']
   231	DEF YES AS 1
   232	DEF NO AS 2
   233	
   234	TABLE CLSMSG['$Do you want to close or cancel open files??$Type CLOSE or CANCEL. ']
   235	TABLE CANCLS(0:2)[2,'CANCEL','CLOSE']
   236	DEF CAN AS 1
   237	DEF CLS AS 2
   238	
   239	%RUNCTL         ! Initialize production runtime control
   240	LOCAL ESCAPE:
   241	ALTLOC _ ESCAPE ! Set escape to come here to exit
   242	RETURN
   243	
   244	ESCAPE: NULL
   245	        EXU(OCT 51,OCT 12,0) ! CLEAR OUTPUT BUFFER
   246	        EXU(OCT 51,OCT 11,0) ! CLEAR INPUT BUFFER
   247	        MSG('$(ESC)')
   248	        NCNERR  ! Process as noncontinuable error
   249	
   250	END RUNCTL
   251	
   252	%STM    ! STM UUO'S
   253	RETURN  ! Ignored in production mode
   254	END STM
   255	
   256	%QUIT   ! QUIT statement
   257	SFCLS.ALL       ! Close all open files
   258	EIQUIT          ! Return to TYMEX via external interface
   259	END QUIT
   260	
   261	%XIT            ! Exit from program to editor or TYMEX
   262	SFCLS.ALL       ! Close all open files
   263	EIEXIT          ! Exit via external interface
   264	END XIT
   265	
   266	%PAWS           ! PAUSE statement
   267	%%CONERR        ! Continuable errors
   268	DO ASK(CONMSG,YESNO) OF YES:NO
   269	YES:    RETURN
   270	NO:     DO ASK(CLSMSG,CANCLS) OF CAN:CLS
   271	        CAN:    SFCAN.ALL
   272	        CLS:    SFCLS.ALL
   273	        END
   274	        EIEXIT
   275	END
   276	END PAWS
   277	
   278	%NCNERR         ! Noncontinuable errors
   279	DO ASK(CLSMSG,CANCLS) OF CAN:CLS
   280	CAN:    SFCAN.ALL
   281	CLS:    SFCLS.ALL
   282	END
   283	EIEXIT
   284	END NCNERR
   285	
   286	%ASK (QUES,ANS())       ! Ask 'QUES' and check for possible 'ANS'
   287	LOCAL MATCH,I,PL,PC,N,MATN,LINE
   288	
   289	MSG(QUES)       ! Type question
   290	LOOP DO
   291	 LINE _ GETLINE(TEL)    ! Read answer from terminal
   292	 MATCH _ 0
   293	 FOR I _ 1 TO ANS(0) DO
   294	  PC _ CHPT(ANS(I),-1)
   295	  PL _ LINE
   296	  N _ 0
   297	  WHILE NCHV PL=NCHV PC THEN INC N
   298	  IF (CHV PL)=CARRET AND N>0 &
   299	   THEN IF NOT MATCH OR N>MATN THEN [MATCH _ I ; MATN _ N] &
   300	   ELSE IF N=MATN THEN MATCH _ 0
   301	 END
   302	 IF MATCH THEN RETURN MATCH
   303	 MSG('WHAT?? ')
   304	END
   305	
   306	END ASK
   307	
   308	%EIEXIT
   309	LOCAL BUFF(0:3), PB, P, N, %WRITE.TMP
   310	
   311	IF SFOED THEN DO
   312	   PB_CHPT(BUFF,-1) ; P_CHPT('CHANGE',-1) ; N_0
   313	   WHILE NCHV PB_NCHV P#EOLIT THEN INC N
   314	   CHV PB_CARRET ; NCHV PB_LNFEED ; NCHV PB_EOLIT
   315	   WRITE.TMP('SFC',BUFF,((N+2)/CPW+1))
   316	   SFRUN
   317	END ELSE EXU(OCT 47,0,OCT 12,0)
   318	
   319	%WRITE.TMP(CODE,BUFF,N)
   320	LOCAL T.BLK(0:1),FILE(0:1),FID.TBL(0:WPF),F,%GET.NAME,TMPERR:
   321	DEF IOWD(B,N) AS [18,18]*[-N,B-1]
   322	LOCAL W.TMP.EXIT:
   323	
   324	GET.NAME
   325	
   326	^OCT 16_[18,18]*[3,T.BLK]
   327	EXU(OCT 47,OCT 16,OCT 44,W.TMP.EXIT)
   328	
   329	F_OPEN(-FID.TBL,SEQUEN+OUTPUT+WORD,TMPERR,2)
   330	WB(F,N,BUFF)
   331	CLOSE(F)
   332	
   333	W.TMP.EXIT: RETURN
   334	
   335	TMPERR: MSG('CANNOT READ/WRITE TEMPORARY FILE$') ; EXIT
   336	
   337	%GETNAME
   338	LOCAL JOB,I,J,P
   339	TABLE TMP.EXT[OCT 64.55.60.00.00.00]
   340	
   341	EXU(OCT 47,OCT 16,OCT 30)
   342	JOB_^OCT 16 ; P_CHPT(FILE,-1) ; I_100
   343	WHILE I>0 THEN DO
   344	   [J;JOB]_JOB DIVMOD I
   345	   I/_10
   346	   NCHV P_J+$0
   347	END
   348	I_CHPT(CODE,-1)
   349	WHILE NCHV P_NCHV I#EOLIT THEN NULL
   350	P_CHPT(FILE,-1)
   351	SETFID(FID.TBL,@P,TMP.EXT,TMPERR)
   352	T.BLK(0)_NAMARG(FID.TBL) SHL 18
   353	T.BLK(1)_IOWD(BUFF,N)
   354	RETURN
   355	END GET.NAME
   356	END WRITE.TMP
   357	
   358	END EIEXIT
   359	
   360	%EIQUIT
   361	EXU(OCT 47,1,OCT 12,0)
   362	END EIQUIT

PRDRC
SYMBOL CROSS REFERENCE

AEFERR	    53#
ALTENT	     2#
ALTLOC	   118#	   241
ALTNAM	     1#	    64	    65	    66	    67	    68	    69	    70	    71	    72	    73	    74	    75	    76
	    77	    78	    79	    80	    81	    82	    83	    84	    85	    86	    87	    88	    89	    90
	    91	    92	    93	    94	    95	    96	    97	    98	    99	   100	   101	   102	   103	   104
	   105	   106	   107	   108	   109	   110	   111	   112	   113	   114	   115	   116	   117	   118
	   119	   126	   127	   128	   129	   130	   131	   132	   133	   135	   158	   160	   161	   162
	   163	   164	   165	   166	   167	   168	   169	   170	   171	   172	   173	   174	   175	   176
	   177	   178	   179	   180	   181	   182	   183	   184	   185	   186	   187	   188	   189	   190
	   191	   192	   193	   194	   195	   196	   197	   198	   199	   200	   201	   202	   203	   215
	   216	   217	   218	   219	   220	   221	   223	   224	   225
ANS	   286#	   286	   293	   294
ARGCNT	   142#
ARGERR	    59#
ASK	   227	   268	   270	   279	   286#
BINARY	   210#
BLOCK	    98
BUFCNT	   203#
BUFDUM	    76
BUFF	   309#	   312	   315	   319#	   319	   330	   353
CAN	   236#	   270	   271	   279	   280
CANCAL	    81
CANCEL	    75
CANCLS	   235#	   270	   279
CFECHO	   129
CFN	    65#
CHARAC	    27#
CLIBUF	   102
CLOBUF	   103
CLOSE	    74	   331
CLOSEA	    80
CLS	   237#	   270	   272	   279	   281
CLSMSG	   234#	   270	   279
CMPEL	   186
CMPELA	   192
CNFERR	    43#
CODE	   319#	   319	   348
CONERR	   220	   267#
CONMSG	   229#	   268
CORERR	    62#
CP	    94
CPW	   156#	   157	   315
DBEL	   185
DBELA	   191
DDTOVR	   133
DELETE	   100
DEVNAM	   150#
DIRECT	    22#
EIEXIT	   227	   263	   274	   283	   308#
EIQUIT	   227	   258	   360#
EOFERR	    55#
EOFLAB	   201#
PRDRC
SYMBOL CROSS REFERENCE

ERASE	    92
ERRLAB	   200#
ERRNUM	   119#
ERRVAR	   202#
ESCAPE	   240#	   241	   244#
EXCFN	   127
EXTARG	   145#
EXTOUT	   126
EXTQ	   148#
EXU	    67	   245	   246	   317	   327	   341	   361
EXUF	    68
F	   320#	   329	   330	   331
FBSERR	    52#
FIDP	   135#
FIDTBL	   320#	   329	   351	   352
FILE	   320#	   342	   350
FILSIZ	   147#
FIXED	   209#
FMDERR	    39#
FNFERR	    49#
FNMAX	    33#
FNMIN	    32#	    34
FPMSG	   113
FPPRIN	   114
FREE	   158#
GET	   105
GETLIN	    89	   291
GETNAM	   320	   324	   337#
GLBCMX	   155#	   157
GLBSZ	   157#	   158	   160
GLCNT	   161#
I	   287#	   293	   294	   298	   338#	   342	   343	   344	   345	   348	   349
IFDERR	    42#
IMAGE	   160#
INPUT	     9#
INTEL	   183
INTELA	   189
IOCLEA	   172
IOCS	    69
IOINIT	   169
IOREST	   171
IOSAVE	   170
IOWD	   321#	   353
IUSERR	    50#
J	   338#	   344	   346
JOB	   338#	   342	   344
LGCEL	   187
LGCELA	   193
LINE	   287#	   291	   295
LLEN	   154#	   155
LNGERR	    56#
LOCWPF	   136#	   139	   140	   142	   143	   144	   145	   146	   147
MATCH	   287#	   292	   298	   302
PRDRC
SYMBOL CROSS REFERENCE

MATN	   287#	   298
MAXARG	   137#	   140
MAXWPF	   140#
MINARG	   138#	   139
MSG	   111	   247	   289	   303	   335
N	   287#	   296	   297	   298	   309#	   312	   313	   315	   319#	   319	   330	   353
NAMARG	   144#	   352
NCNERR	   221	   248	   278#
NEW	    16#
NO	   232#	   268	   270
OFFALT	   115
OLD	    17#
ONALT	   116
ONALTC	   117
OPEN	    70	   329
OPENP	    77
OUTMSG	    12#
OUTPUT	    11#	   329
P	   309#	   312	   313	   338#	   342	   346	   349	   350	   351
PACK	    28#
PAWS	   219	   266#
PB	   309#	   312	   313	   314
PC	   287#	   294	   297
PL	   287#	   295	   297	   298
PLNCHK	    82
PLNW	    83
PPNARG	   143#
PRINT	   109
PRINTC	   110
PRTERR	    51#
PRVARG	   146#
PUT	   106
PUTC	   108
PUTX	   107
QUES	   286#	   286	   289
QUIT	   217	   256#
R	    88
RANDIO	   208#
RANDOM	   207#
RB	    97
RELEAS	    99
RENAME	   101
RLEL	   184
RLELA	   190
RSALT	   132
RSBRK	   131
RUNCTL	   215	   239#
SEQUEN	    21#	   329
SETCFN	    66
SETCP	    93
SETFID	    71	   351
SETFIP	    78
SETMOD	    79
PRDRC
SYMBOL CROSS REFERENCE

SETPRM	    86
SETRWE	   112
SETTAB	    84
SETTER	    85
SFCAN	   166
SFCANA	   168	   271	   280
SFCLS	   165
SFCLSA	   167	   257	   262	   272	   281
SFDEF	   179
SFDEFA	   180
SFENF	   181
SFENFA	   182
SFEOL	   195
SFINP	   205#
SFOED	   223#	   311
SFOIN	   225#
SFOIO	   162
SFOPN	   163
SFOPNA	   164
SFOUTP	   206#
SFP	   198
SFPRIN	   196
SFR	   173
SFRF	   174
SFRFA	   175
SFRUN	   224	   316
SFSETP	   197
SFSZ	   199
SFW	   176
SFWF	   177
SFWFA	   178
SIZE	    95
STM	   216	   252#
STREL	   188
STRELA	   194
STS	    64#
TABOFF	    87
TBLK	   320#	   326	   352	   353
TEL	    34#	   291
TELCHK	    72
TELERR	    57#
TMFERR	    38#
TMPERR	   320#	   329	   335#	   351
TMPEXT	   339#	   351
TOBOTH	   123#
TONEIT	   124#
TOTERM	   121#
TOTOUT	   122#
TTDEST	   128
TTECHO	   130
TTYLEN	   104
UPDATE	    10#
USRNAM	   149#
PRDRC
SYMBOL CROSS REFERENCE

W	    90
WB	    96	   330
WFID	    73
WORD	    26#	   329
WPF	   139#	   320
WRITET	   309	   315	   319#
WTMPEX	   322#	   327	   333#
WX	    91
XIT	   218	   261#
YES	   231#	   268	   269
YESNO	   230#	   268 