AXIS.F4	F40	V26(10)	15-MAY-73	15:19	PAGE 1


  		      C ROUTINE---AS-0070.05-01   AXIS
AXIS.F4	F40	V26(10)	15-MAY-73	15:19	PAGE 2


  		      C****************************************************************
  		      C*     COPYRIGHT        TEKTRONIX, INC    1973
  		      C*                       BEAVERTON, OREGON
  		      C*     PLOT-10/DECISION MAKER RELEASE 1.0 - VERSION 1
  		      C*               MODIFICATION LEVEL 0
  		      C****************************************************************
  		              SUBROUTINE AXIS(XMIN,YMIN,TICX,TICY,XLEN,YLEN,ITX,ITY)
  		              DATA IIOUT/5/
  		              CALL CSIZE(ISIZE,IVRT)
  		      C * DONT DESTROY WHAT THEY GAVE US
  		              IOPTY=ITY
  		              IOPTX=ITX
  		      C  ZERO FLAGS
  		              LOGX=0
  		              LOGY=0
  		              NOLABX=0
  		              NOLABY=0
  		              GRIDX=0
  		              GRIDY=0
  		              IBETX=0
  		              IBETY=0
  		      C       STARTING PLACE FOR TIC MARKS
  		              STICX=YMIN
  		              STICY=XMIN
  		      C       TOTAL LENGTH OF TICMARKS
  		              TICXL=0
  		              TICYL=0
  		      C       LENGTH OF A SHORT TICMARK
  		              TICLX=YLEN/30
  		              TICLY=XLEN/30
  		      C       DECODE OPTIONS
  		      C       1024=LABELS WILL PRINT BETWEEN TIC MARKS
  		      C       512=DRAW THE ZERO LINE IF ITS ON THE GRID
  		      C       256=LOGARITMIC
  		      C       128=NO LABELS
  		      C       64=GRID OPTION
  		      C       32=DONT DRAW THE AXIS LINE
  		      C       16=TICS ON NEGATIVE SIDE OF AXIS
  		      C       8=TICS ON POSITIVE SIDE OF AXIS
  		      C       1-7=NO OF DECIMAL PLACES IN LABEL
  		      C       X OPTIONS
  		              IF(IOPTX-1024)314,315,315
  		      315     IOPTX=IOPTX-1024
  		              IBETX=1
  		      314     IF(IOPTX-512)200,201,201
  		      201     IOPTX=IOPTX-512
  		              XZERO=1.
  		      200     IF(IOPTX-256)3,4,4
  		      4       LOGX=1
  		              IOPTX=IOPTX-256
  		      3       IF (IOPTX-128)5,6,6
  		      6       NOLABX=1
  		              IOPTX=IOPTX-128
AXIS.F4	F40	V26(10)	15-MAY-73	15:19	PAGE 3


  		      5       IF (IOPTX-64)7,8,8
  		      8       TICXL=TICXL+YLEN
  		              GRIDX=1
  		              IOPTX=IOPTX-64
  		      7       IF (IOPTX-32)10,31,31
  		      C       DRAW THE X AXIS LINE
  		      10      IF(XZERO)203,203,202
  		      C IF ZERO IS ON THE AXIS DRAW THE LINE THERE
  		      202     IF((YMIN+YLEN)*YMIN)205,203,203
  		      205     IF(GRIDX)207,207,206
  		      207     STICX=0.
  		      206     CALL MOVEA(XMIN+XLEN,0.)
  		              CALL DRAWA(XMIN,0.)
  		              GO TO 9
  		      203     CALL MOVEA(XMIN+XLEN,YMIN)
  		              CALL DRAWA(XMIN,YMIN)
  		              GOTO 9
  		      31      IOPTX=IOPTX-32
  		      9       IF (IOPTX-16)11,12,12
  		      12      STICX=STICX-TICLX
  		              TICXL=TICXL+TICLX
  		              IOPTX=IOPTX-16
  		      11      IF (IOPTX-8)13,14,14
  		      14      TICXL=TICXL+TICLX
  		              IOPTX=IOPTX-8
  		      C       Y OPTIONS
  		      13      IF(IOPTY-1024)324,325,325
  		      325     IOPTY=IOPTY-1024
  		              IBETY=1
  		      324     IF(IOPTY-512)300,301,301
  		      301     IOPTY=IOPTY-512
  		              YZERO=1.
  		      300     IF(IOPTY-256)17,18,18
  		      18      LOGY=1
  		              IOPTY=IOPTY-256
  		      17      IF (IOPTY-128)19,20,20
  		      20      NOLABY=1
  		              IOPTY=IOPTY-128
  		      19      IF (IOPTY-64)21,22,22
  		      22      TICYL=TICYL+XLEN
  		              GRIDY=1
  		              IOPTY=IOPTY-64
  		      21      IF (IOPTY-32)24,29,29
  		      C       DRAW THE Y AXIS LINE
  		      24      IF(YZERO)303,303,302
  		      C       IF ZERO IS ON THE AXIS DRAW THE LINE THERE
  		      302     IF((XMIN+XLEN)*XMIN)305,303,303
  		      305     IF(GRIDY)307,307,306
  		      307     STICY=0.
  		      306     CALL MOVEA(0.,YMIN+YLEN)
  		              CALL DRAWA(0.,YMIN)
  		              GO TO 23
  		      303     CALL MOVEA(XMIN,YMIN+YLEN)
AXIS.F4	F40	V26(10)	15-MAY-73	15:19	PAGE 4


  		              CALL DRAWA(XMIN,YMIN)
  		              GO TO 23
  		      29      IOPTY=IOPTY-32
  		      23      IF (IOPTY-16)25,26,26
  		      26      STICY=STICY-TICLY
  		              TICYL=TICYL+TICLY
  		              IOPTY=IOPTY-16
  		      25      IF (IOPTY-8)27,28,28
  		      28      TICYL=TICYL+TICLY
  		              IOPTY=IOPTY-8
  		      C       DRAW X ACCORDING TO OPTIONS
  		      27      IDIR=-1
  		              DIST=-0.0001
  		              IF(YLEN)210,211,211
  		      210     IDIR=1
  		      211     IF(NOLABX)81,81,83
  		      83      IF(TICXL)81,37,81
  		      81      X=XMIN
  		      36      IF(DIST-ABS(XLEN))33,33,37
  		      33      IF(LOGX)34,34,30
  		      34      CALL MOVEA(X,STICX+TICXL)
  		              IF(TICXL)15,32,15
  		      15      CALL DRAWR(0.,-TICXL)
  		              GO TO 32
  		      C       SPECIAL LONG TIC MARKS FOR LOG TYPE
  		      30      CALL MOVEA(X,STICX+TICXL+TICLX)
  		              CALL DRAWR(0.,-TICXL-TICLX)
  		      32      IF (NOLABX)40,40,41
  		      C       FIND THE NUMBER TO PRINT
  		      40      IF(LOGX)44,44,43
  		      44      TYPEX=X
  		              GO TO 42
  		      43      TYPEX=10.**IFIX(X)
  		      C       GET BELOW THE GRID
  		      42      IF(IBETX)313,313,311
  		      313     CALL MOVEA(X,YMIN)
  		              GO TO 310
  		      311     IF(DIST+ABS(TICX)-ABS(XLEN))312,312,41
  		      312     CALL MOVEA(X+TICX/2.,YMIN)
  		      C       FIGURE OUT THE FORMAT AND PRINT THE LABEL
  		      310     IF(IOPTX-6)60,60,57
  		      57      CALL MOVREL(-5*ISIZE,IDIR*3*IVRT/2)
  		             CALL NOUT(TYPEX,10,4,1)
  		              GO TO 41
  		      60      IF(TYPEX)64,63,64
  		      63      IPLACS=1+IOPTX
  		              GO TO 65
  		      64      IPLACS=(IFIX(ALOG10(ABS(TYPEX)))+3+IOPTX)
  		      65      CALL MOVREL(((-IPLACS)*ISIZE/2),IDIR*3*IVRT/2)
  		              CALL NOUT(TYPEX,IPLACS,IOPTX,0)
  		              GO TO 41
  		      C       DONE?
  		      41      IF (LOGX)35,35,38
AXIS.F4	F40	V26(10)	15-MAY-73	15:19	PAGE 5


  		      38      IF(TICXL)35,35,16
  		      C * IF ON THE LAST ONE DONT
  		      16      IF(X+TICX-XMIN-XLEN)122,122,37
  		      122     DO 39 J=2,9
  		      C       DRAW THE LOGARITHMIC TIC MARKS
  		              CALL MOVEA(X+TICX*ALOG10(FLOAT(J)),STICX)
  		      39      CALL DRAWR(0.,TICXL)
  		      35      X=X+TICX
  		              DIST=DIST+ABS(TICX)
  		              GO TO 36
  		      C       DRAW Y ACCORDING TO OPTIONS
  		      37      DIST=-0.0001
  		              IDIR=-1
  		              IF(XLEN)220,221,221
  		      220     IDIR=0
  		      221     IF(NOLABY)82,82,84
  		      84      IF(TICYL)82,120,82
  		      82      Y=YMIN
  		      115     IF(DIST-ABS(YLEN))112,112,120
  		      112     IF(LOGY)100,100,101
  		      100     CALL MOVEA(STICY+TICYL,Y)
  		              IF(TICYL)103,102,103
  		      103     CALL DRAWR(-TICYL,0.)
  		              GO TO 102
  		      C       SPECIAL TIC MARKS FOR LOG TYPE
  		      101     CALL MOVEA(STICY+TICYL+TICLY,Y)
  		              CALL DRAWR(-TICYL-TICLY,0.)
  		      102     IF (NOLABY)104,104,141
  		      C       FIGURE OUT THE LABEL
  		      104     IF(LOGY)106,106,107
  		      106     TYPEY=Y
  		              GO TO 108
  		      107     TYPEY=10.**IFIX(Y)
  		      C       GET TO THE LEFT OF THE GRID
  		      108     IF(IBETY)323,323,321
  		      323     CALL MOVEA(XMIN,Y)
  		              GO TO 320
  		      321     IF(DIST+ABS(TICY)-ABS(YLEN))322,322,141
  		      322     CALL MOVEA(XMIN,Y+TICY/2.)
  		      C       FIGURE OUT THE FORMAT AND PRINT THE LABEL
  		      320     IF(IOPTY-6)109,109,137
  		      C       AND MOVE OVER MORE FOR THE CHARACTERS
  		      137     CALL MOVREL(IDIR*11*ISIZE,-(IVRT/3))
  		            CALL NOUT(TYPEY,10,4,1)
  		              GO TO 141
  		      109    IF(TYPEY.NE.0)GO TO 164
  		            IPLACS=1+IOPTY
  		            GO TO 163
  		      164    IPLACS=(IFIX(ALOG10(ABS(TYPEY)))+3+IOPTY)
  		      163     CALL MOVREL(IDIR*(IPLACS+1)*ISIZE,-(IVRT/3))
  		            CALL NOUT(TYPEY,IPLACS,IOPTY,0)
  		              GO TO 141
  		      C       DONE?
AXIS.F4	F40	V26(10)	15-MAY-73	15:19	PAGE 6


  		      141     IF(LOGY)113,113,114
  		      114     IF(TICYL)113,113,116
  		      C * IF ON THE LAST ONE DONT
  		      116     IF(Y+TICY-YMIN-YLEN)121,121,120
  		      121     DO 117 J=2,9
  		      C       DRAW THE LOGARITHMIC TIC MARKS ON Y
  		              CALL MOVEA(STICY,Y+TICY*ALOG10(FLOAT(J)))
  		      117     CALL DRAWR(TICYL,0.)
  		      113     Y=Y+TICY
  		              DIST=DIST+ABS(TICY)
  		              GO TO 115
  		      120     RETURN
  		              END

CONSTANTS

0	205740000000	1	000000000000	2	163643334272	3	000000000012	4	000000000004
5	000000000001	

GLOBAL DUMMIES

XMIN  	1102		YMIN  	1103		TICX  	1104		TICY  	1105		XLEN  	1106	
YLEN  	1107		ITX   	1110		ITY   	1111		

SUBPROGRAMS

CSIZE 	MOVEA 	DRAWA 	ABS   	DRAWR 	IFIX  	EXP2.2	MOVREL	NOUT  	ALOG10	FLOAT 	

SCALARS

AXIS  	1115		IIOUT 	1116		ISIZE 	1117		IVRT  	1120		IOPTY 	1121	
ITY   	1111		IOPTX 	1122		ITX   	1110		LOGX  	1123		LOGY  	1124	
NOLABX	1125		NOLABY	1126		GRIDX 	1127		GRIDY 	1130		IBETX 	1131	
IBETY 	1132		STICX 	1133		YMIN  	1103		STICY 	1134		XMIN  	1102	
TICXL 	1135		TICYL 	1136		TICLX 	1137		YLEN  	1107		TICLY 	1140	
XLEN  	1106		XZERO 	1141		YZERO 	1142		IDIR  	1143		DIST  	1144	
X     	1145		TYPEX 	1146		TICX  	1104		IPLACS	1147		J     	1150	
Y     	1151		TYPEY 	1152		TICY  	1105		

 AXIS
  