		LINK-10 symbol map of	BLIS10	version 5(124)		page 1
	Produced by LINK-10 version 2(222) on  8-Oct-84 at  9:18:50

	Low  segment starts at	     0 ends at	 14321 length	 14322 = 7K
	High segment starts at	400000 ends at	512775 length	112776 = 38K
	814 words free in Low segment, 514 words free in high segment
	824 Global symbols loaded, therefore min. hash size is 916
	Start address is 510371, located in program DRIV..

		*************

JOBDAT-INITIAL-SYMBOLS

	Zero length module

		*************

BLISIO	from DSK:LOIO.REL[31,1543]	created on 13-Feb-74 at 12:14:00
	Low  segment starts at	   140 ends at	   407 length	   250 (octal),   168. (decimal)
	High segment starts at	400010 ends at	402016 length	  2007 (octal),  1031. (decimal)

	BIO	         163	Global	Relocatable 		CCLBP	         165	Global	Relocatable 	
	CCLBUF	         166	Global	Relocatable 		CCLCTL	         164	Global	Relocatable 	
	FINIO	      401634	Global	Relocatable 		FORCE	      401611	Global	Relocatable 	
	INITIO	      401624	Global	Relocatable 		LOIOV	          14	Global	Absolute    Suppressed
	MAJVBP	      401776	Global	Relocatable 		MINVBP	      401777	Global	Relocatable 	
	PAGE	      401667	Global	Relocatable 		PAGER	      401662	Global	Relocatable 	
	READTE	      401702	Global	Relocatable 		RPAGE	         407	Global	Relocatable 	
	SOSPGC	         370	Global	Relocatable 		TTYLIS	      401674	Global	Relocatable 	
	$F	           2	Global	Absolute    		$V	           3	Global	Absolute    	

		*************

LOBL..	from DSK:LOBLI.REL[31,1543]	created by BLISS on  6-Oct-84 at 14:49:00
	Low  segment starts at	   410 ends at	   416 length	     7 (octal),     7. (decimal)
	High segment starts at	402017 ends at	414106 length	 12070 (octal),  5176. (decimal)

	LOBL.0	      402017	Global	Relocatable 		BEGIV	          25	Global	Absolute    	
	LOADV	           1	Global	Absolute    		TVMP	      402017	Global	Relocatable 	
	LITV	      402050	Global	Relocatable 		LITA	      402063	Global	Relocatable 	
	RAGLAR	      402102	Global	Relocatable 		RMA	      402126	Global	Relocatable 	
	LEXRA	      402144	Global	Relocatable 		REGAR	      402173	Global	Relocatable 	
	REGAK	      402222	Global	Relocatable 		TVRP	      402246	Global	Relocatable 	
	ITRP	      402276	Global	Relocatable 		DCRP	      402313	Global	Relocatable 	
	REGP	      402341	Global	Relocatable 		SMPOSL	      402355	Global	Relocatable 	
	SMNEGL	      402365	Global	Relocatable 		LODEV	           2	Global	Absolute    	
	CHECKE	      402375	Global	Relocatable 		DECSYN	      402416	Global	Relocatable 	
	DECSYM	      402463	Global	Relocatable 		DECSYQ	      402477	Global	Relocatable 	
	GENFCN	      402515	Global	Relocatable 		LODRV	          14	Global	Absolute    	
	OUTPUT	      402547	Global	Relocatable 		OCHAR	      402566	Global	Relocatable 	
	OUTREL	      402600	Global	Relocatable 		OUTPST	      402612	Global	Relocatable 	
	OUTSTR	      402633	Global	Relocatable 		OUTSTN	      402666	Global	Relocatable 	
	OUTBLA	      402727	Global	Relocatable 		OUTMOC	      402753	Global	Relocatable 	
	OUTCON	      403020	Global	Relocatable 		NEWLIN	      403043	Global	Relocatable 	
	EOCHAR	      403071	Global	Relocatable 		EOUTPS	      403115	Global	Relocatable 	
	EOUTST	      403132	Global	Relocatable 		EOSTN	      403157	Global	Relocatable 	
		LINK-10 symbol map of	BLIS10	version 5(124)		page 2
LOBL..
	OUTNUM	      403273	Global	Relocatable 		ENEWLI	      403352	Global	Relocatable 	
	EMESSA	      403372	Global	Relocatable 		FORCEL	      403406	Global	Relocatable 	
	SAVEMA	      403540	Global	Relocatable 		IDERRO	      403554	Global	Relocatable 	
	ERROUT	      403602	Global	Relocatable 		ERROR	      403657	Global	Relocatable 	
	WARNEM	      403674	Global	Relocatable 		GIVERR	      404021	Global	Relocatable 	
	GIVEDI	      404076	Global	Relocatable 		READAL	      404253	Global	Relocatable 	
	LOGTV	           1	Global	Absolute    		GTHASH	      404344	Global	Relocatable 	
	MAXER	      404350	Global	Relocatable 		GTLEXP	      404356	Global	Relocatable 	
	CLEARR	      404374	Global	Relocatable 		RESTOR	      404406	Global	Relocatable 	
	LEXNPS	      404417	Global	Relocatable 		FULLWO	      404430	Global	Relocatable 	
	LOLEV	           6	Global	Absolute    		LEXERR	      404452	Global	Relocatable 	
	PUNT	      404464	Global	Relocatable 		DOCORE	      404512	Global	Relocatable 	
	CALLEX	      404522	Global	Relocatable 		RELEAS	      404716	Global	Relocatable 	
	GETSPA	      405027	Global	Relocatable 		LTINSE	      405111	Global	Relocatable 	
	GETLIT	      405177	Global	Relocatable 		LITLEX	      405213	Global	Relocatable 	
	HASH	      405243	Global	Relocatable 		STINSE	      405251	Global	Relocatable 	
	GLOBAL	      405315	Global	Relocatable 		GSTINS	      405336	Global	Relocatable 	
	ESCAPE	         410	Global	Relocatable 		SKAN	      405714	Global	Relocatable 	
	IDFIXF	      406551	Global	Relocatable 		IDFIXE	      406730	Global	Relocatable 	
	WRUND2	      407226	Global	Relocatable 		WRUND	      407664	Global	Relocatable 	
	HRUND	      407705	Global	Relocatable 		SRUND	      410065	Global	Relocatable 	
	LOLSV	           2	Global	Absolute    		TEMPLA	      410136	Global	Relocatable 	
	SKELET	      410152	Global	Relocatable 		HEADER	      410204	Global	Relocatable 	
	UNTEMP	      410233	Global	Relocatable 		UNSKEL	      410252	Global	Relocatable 	
	SYPHON	      410273	Global	Relocatable 		LAST	      410370	Global	Relocatable 	
	SWALAB	      410433	Global	Relocatable 		CLASSP	      410546	Global	Relocatable 	
	CLASSL	      410564	Global	Relocatable 		ACPR1	      410571	Global	Relocatable 	
	ACPR2	      410577	Global	Relocatable 		ACPR3	      410606	Global	Relocatable 	
	ACPDT	      410620	Global	Relocatable 		ACPDB	      410626	Global	Relocatable 	
	ADVR1	      410633	Global	Relocatable 		ADVR2	      410643	Global	Relocatable 	
	ADVR3	      410655	Global	Relocatable 		PUSHCO	      410710	Global	Relocatable 	
	PUSHCP	      410714	Global	Relocatable 		FOLLCP	      410730	Global	Relocatable 	
	LOSECO	      410744	Global	Relocatable 		PROMOT	      410753	Global	Relocatable 	
	DROP	      411005	Global	Relocatable 		SCAN	      411030	Global	Relocatable 	
	SCAN0	      411055	Global	Relocatable 		ERASET	      411073	Global	Relocatable 	
	ERASEB	      411102	Global	Relocatable 		NEWBOT	      411111	Global	Relocatable 	
	PUSHTO	      411122	Global	Relocatable 		PUSHBO	      411172	Global	Relocatable 	
	PRECED	      411203	Global	Relocatable 		ALLNOS	      411260	Global	Relocatable 	
	PREVCO	      411277	Global	Relocatable 		PCIVR	      411315	Global	Relocatable 	
	LOCATE	      411347	Global	Relocatable 		SURFAC	      411432	Global	Relocatable 	
	DELCEL	      411445	Global	Relocatable 		DETCEL	      411507	Global	Relocatable 	
	EMPTY	      411522	Global	Relocatable 		EMPTYD	      411532	Global	Relocatable 	
	ERASE	      411556	Global	Relocatable 		ERASED	      411566	Global	Relocatable 	
	FLATTE	      411601	Global	Relocatable 		LNKARN	      411631	Global	Relocatable 	
	TAKE	      411663	Global	Relocatable 		LOMAV	           3	Global	Absolute    	
	MCSAV	      411673	Global	Relocatable 		EXPMCR	      411724	Global	Relocatable 	
	GETACT	      412152	Global	Relocatable 		PUSHEX	      412361	Global	Relocatable 	
	POPEXP	      412457	Global	Relocatable 		PRGSTR	      412600	Global	Relocatable 	
	DUMPMA	      412620	Global	Relocatable 		SCANNE	      412703	Global	Relocatable 	
	LOXRV	           1	Global	Absolute    		XREFIN	      413074	Global	Relocatable 	
	XLINE	      413216	Global	Relocatable 		XEOB	      413370	Global	Relocatable 	
	LOBL.1	      413463	Global	Relocatable Suppressed	LOBL.P	      413463	Global	Relocatable 	
	LOBL.C	      413474	Global	Relocatable 		LOBL.L	      413646	Global	Relocatable 	
	LOBL.G	         410	Global	Relocatable Suppressed	LOBL.O	         411	Global	Relocatable 	
		LINK-10 symbol map of	BLIS10	version 5(124)		page 3
LOBL..

		*************

H1BL..	from DSK:H1BLI.REL[31,1543]	created by BLISS on  6-Oct-84 at 15:01:00
	Low  segment starts at	   417 ends at	   437 length	    21 (octal),    17. (decimal)
	High segment starts at	414107 ends at	442021 length	 25713 (octal), 11211. (decimal)

	H1BL.0	      414107	Global	Relocatable 		H1CNV	          22	Global	Absolute    	
	GCE0	      414107	Global	Relocatable 		GCE1	      414203	Global	Relocatable 	
	GCE2	      414232	Global	Relocatable 		GDWU0	      414447	Global	Relocatable 	
	GDWU1	      414461	Global	Relocatable 		GDWU2	      414507	Global	Relocatable 	
	GWUD0	      414557	Global	Relocatable 		GWUD1	      414571	Global	Relocatable 	
	GWUD2	      414625	Global	Relocatable 		GID0	      414723	Global	Relocatable 	
	GID1	      414741	Global	Relocatable 		GID2	      415001	Global	Relocatable 	
	GID3	      415034	Global	Relocatable 		GID4	      415313	Global	Relocatable 	
	GITE0	      415622	Global	Relocatable 		GITE1	      415665	Global	Relocatable 	
	GITE2	      415735	Global	Relocatable 		GITE3	      416020	Global	Relocatable 	
	GCOST0	      416036	Global	Relocatable 		GCOST1	      416106	Global	Relocatable 	
	GCOST2	      416153	Global	Relocatable 		GCOST3	      416563	Global	Relocatable 	
	GCOST4	      417040	Global	Relocatable 		GSE0	      417103	Global	Relocatable 	
	GSE1	      417214	Global	Relocatable 		GSE2	      417231	Global	Relocatable 	
	GSE3	      417325	Global	Relocatable 		GSE3O	      417524	Global	Relocatable 	
	GSE3A	      417566	Global	Relocatable 		GSE4	      417613	Global	Relocatable 	
	GSE5	      417633	Global	Relocatable 		GFRC1	      417771	Global	Relocatable 	
	GCREA0	      420016	Global	Relocatable 		GCREA1	      420062	Global	Relocatable 	
	GCREA2	      420134	Global	Relocatable 		GCREA3	      420470	Global	Relocatable 	
	GCREA4	      420527	Global	Relocatable 		GCREA5	      420673	Global	Relocatable 	
	GEXCH0	      420715	Global	Relocatable 		GEXCH1	      421055	Global	Relocatable 	
	GSPUNO	      421615	Global	Relocatable 		GSPLF	      421642	Global	Relocatable 	
	GML	      422033	Global	Relocatable 		CONVEY	      422136	Global	Relocatable 	
	GRETUR	      422144	Global	Relocatable 		GLEAVE	      422243	Global	Relocatable 	
	GXBLOC	      423104	Global	Relocatable 		GXLOOP	      423114	Global	Relocatable 	
	GXCOND	      423124	Global	Relocatable 		GXCMPE	      423134	Global	Relocatable 	
	GXSELE	      423144	Global	Relocatable 		GXSET	      423154	Global	Relocatable 	
	GXCASE	      423164	Global	Relocatable 		GEXIT	      423174	Global	Relocatable 	
	TIMEIN	      424125	Global	Relocatable 		TIMEOU	      424132	Global	Relocatable 	
	MPTIMI	      424154	Global	Relocatable 		MPTIMO	      424161	Global	Relocatable 	
	DEBIN	      424166	Global	Relocatable 		DEBOUT	      424204	Global	Relocatable 	
	H1DEV	           7	Global	Absolute    		SROUTI	      424222	Global	Relocatable 	
	SFUNCT	      424245	Global	Relocatable 		SSTRUC	      424343	Global	Relocatable 	
	SUNDEC	      424445	Global	Relocatable 		SFORWA	      424472	Global	Relocatable 	
	SLOCAL	      424572	Global	Relocatable 		SOWN	      424602	Global	Relocatable 	
	SGLOBA	      424612	Global	Relocatable 		PGLO	      424667	Global	Relocatable 	
	SEXTER	      424725	Global	Relocatable 		PEXTER	      424735	Global	Relocatable 	
	SREGIS	      425026	Global	Relocatable 		WHICHB	      425104	Global	Relocatable 	
	MKDUMI	      425150	Global	Relocatable 		SBIND	      425351	Global	Relocatable 	
	SDECLA	      425363	Global	Relocatable 		SMAP	      425373	Global	Relocatable 	
	UNMAP	      425447	Global	Relocatable 		CHKULA	      426266	Global	Relocatable 	
	STRSCO	      426315	Global	Relocatable 		STRECO	      426360	Global	Relocatable 	
	RELSTR	      426372	Global	Relocatable 		GSSA	      426406	Global	Relocatable 	
	SWITCH	      426541	Global	Relocatable 		SSWITC	      427023	Global	Relocatable 	
	SMODHE	      427053	Global	Relocatable 		H1RFS	      427064	Global	Relocatable 	
	H1GTV	           1	Global	Absolute    		FIXOCC	      427152	Global	Relocatable 	
	MAKGT	      427264	Global	Relocatable 		GENGRA	      427621	Global	Relocatable 	
		LINK-10 symbol map of	BLIS10	version 5(124)		page 4
H1BL..
	GTPURG	      430052	Global	Relocatable 		GTINCR	      430306	Global	Relocatable 	
	GTDECR	      430312	Global	Relocatable 		FIXSID	      430316	Global	Relocatable 	
	GENCOD	      430344	Global	Relocatable 		FOCGPH	      430415	Global	Relocatable 	
	H1LEV	           1	Global	Absolute    		BLOCKP	      430471	Global	Relocatable 	
	H1MAV	           2	Global	Absolute    		SMACRO	      430712	Global	Relocatable 	
	H1REV	           5	Global	Absolute    		REQDAT	         417	Global	Relocatable 	
	REQCHN	         437	Global	Relocatable 		REQREL	      431300	Global	Relocatable 	
	SREQUI	      431431	Global	Relocatable 		H1SYV	           4	Global	Absolute    	
	INITSY	      431705	Global	Relocatable 		RECOVE	      432076	Global	Relocatable 	
	IDCHEC	      432203	Global	Relocatable 		SLABEL	      432242	Global	Relocatable 	
	EXPRES	      432323	Global	Relocatable 		SCOMPO	      432371	Global	Relocatable 	
	SSET	      432763	Global	Relocatable 		SCREAT	      433737	Global	Relocatable 	
	SEXCHJ	      434072	Global	Relocatable 		SSQOPE	      434226	Global	Relocatable 	
	SPTR	      434577	Global	Relocatable 		SCASE	      435205	Global	Relocatable 	
	SREP	      435460	Global	Relocatable 		SLEAVE	      435747	Global	Relocatable 	
	SESCAP	      436036	Global	Relocatable 		SSPUNO	      436300	Global	Relocatable 	
	SSELEC	      436476	Global	Relocatable 		SIF	      437267	Global	Relocatable 	
	SDO	      437515	Global	Relocatable 		SWU	      437647	Global	Relocatable 	
	SPAROP	      440006	Global	Relocatable 		DECLTE	      440171	Global	Relocatable 	
	SPLIT	      440264	Global	Relocatable 		H1BL.1	      441100	Global	Relocatable Suppressed
	H1BL.P	      441100	Global	Relocatable 		H1BL.C	      441154	Global	Relocatable 	
	H1BL.L	      441437	Global	Relocatable 		H1BL.G	         417	Global	Relocatable Suppressed

		*************

H2BL..	from DSK:H2BLI.REL[31,1543]	created by BLISS on  8-Oct-84 at  9:15:00
	Low  segment starts at	   440 ends at	465066 length	464427 (octal),157975. (decimal)
	High segment starts at	442022 ends at	  2643 length	 -437156 (octal),     -147054. (decimal)

	H2BL.0	      442022	Global	Relocatable 		H2ADV	           1	Global	Absolute    	
	GPA	      442022	Global	Relocatable 		GMA	      442124	Global	Relocatable 	
	FSA	      442705	Global	Relocatable 		COPTR	      442760	Global	Relocatable 	
	READY	      443102	Global	Relocatable 		GLTM	      443127	Global	Relocatable 	
	MADRIR	      443156	Global	Relocatable 		MEMORY	      443171	Global	Relocatable 	
	USABLE	      443211	Global	Relocatable 		VALPTR	      443232	Global	Relocatable 	
	PTRTYP	      443247	Global	Relocatable 		MPTRTY	      443261	Global	Relocatable 	
	MADDRF	      443344	Global	Relocatable 		MCOPTR	      443362	Global	Relocatable 	
	MLEXFR	      443400	Global	Relocatable 		H2ARV	           5	Global	Absolute    	
	GPTR	      443432	Global	Relocatable 		GDOT	      444060	Global	Relocatable 	
	GAT	      444374	Global	Relocatable 		GSLSH	      444501	Global	Relocatable 	
	GSTO	      444732	Global	Relocatable 		CODEDP	      446225	Global	Relocatable 	
	GLSH	      446245	Global	Relocatable 		GMUL	      446460	Global	Relocatable 	
	LOG2	      447111	Global	Relocatable 		GDIV	      447531	Global	Relocatable 	
	GMOD	      447540	Global	Relocatable 		GADD	      447547	Global	Relocatable 	
	GSUB	      447556	Global	Relocatable 		GNEG	      447565	Global	Relocatable 	
	FALR	      450745	Global	Relocatable 		GLSS	      452150	Global	Relocatable 	
	GEQL	      452157	Global	Relocatable 		GLEQ	      452166	Global	Relocatable 	
	GGEQ	      452175	Global	Relocatable 		GNEQ	      452204	Global	Relocatable 	
	GGTR	      452213	Global	Relocatable 		GAND	      452222	Global	Relocatable 	
	GOR	      452231	Global	Relocatable 		GXOR	      452240	Global	Relocatable 	
	GEQV	      452247	Global	Relocatable 		GNOT	      452256	Global	Relocatable 	
	GFADR	      453467	Global	Relocatable 		GFMLR	      453476	Global	Relocatable 	
	GFSBR	      453703	Global	Relocatable 		GFDVR	      453712	Global	Relocatable 	
	GFNEG	      453754	Global	Relocatable 		GFIX	      453762	Global	Relocatable 	
		LINK-10 symbol map of	BLIS10	version 5(124)		page 5
H2BL..
	GFLOAT	      454101	Global	Relocatable 		FLOATB	      454202	Global	Relocatable 	
	GOTM	      454547	Global	Relocatable 		H2CNV	           1	Global	Absolute    	
	GPROLO	      455667	Global	Relocatable 		GEPILO	      456241	Global	Relocatable 	
	GFRC2	      456456	Global	Relocatable 		H2GTV	           2	Global	Absolute    	
	GTORES	      456561	Global	Relocatable 		GENERA	      457065	Global	Relocatable 	
	SETFUN	      457337	Global	Relocatable 		MARKFU	      457375	Global	Relocatable 	
	LOREV	           2	Global	Absolute    		GLR	      457425	Global	Relocatable 	
	GLTR	      460305	Global	Relocatable 		GOLTR	      460314	Global	Relocatable 	
	GLTR2	      460323	Global	Relocatable 		GLPR	      460332	Global	Relocatable 	
	GLAR	      460341	Global	Relocatable 		RELOAD	      460403	Global	Relocatable 	
	ACQUIR	      460512	Global	Relocatable 		RMFRLS	      460703	Global	Relocatable 	
	ENTFRL	      460734	Global	Relocatable 		TRYVRE	      460777	Global	Relocatable 	
	GETAR	      461032	Global	Relocatable 		GETRN	      461217	Global	Relocatable 	
	UNUSEO	      461434	Global	Relocatable 		SWAP	      461454	Global	Relocatable 	
	MOVERE	      461505	Global	Relocatable 		OPENSP	      461563	Global	Relocatable 	
	DUMPRE	      461656	Global	Relocatable 		GENLOC	      461711	Global	Relocatable 	
	GETMIN	      461744	Global	Relocatable 		REACQU	      462067	Global	Relocatable 	
	MATCH	      462102	Global	Relocatable 		TRCTSE	      462177	Global	Relocatable 	
	REGSEA	      462227	Global	Relocatable 		SAVEWO	      462277	Global	Relocatable 	
	GTUPDA	      462307	Global	Relocatable 		CODEN	      462337	Global	Relocatable 	
	CODE	      462611	Global	Relocatable 		ENTER	      462652	Global	Relocatable 	
	RMREFR	      462701	Global	Relocatable 		RMALL	      462737	Global	Relocatable 	
	CLEARO	      463000	Global	Relocatable 		CLEARS	      463026	Global	Relocatable 	
	CLEART	      463046	Globaocatable 		FREERN	      463071	Global	Relocatable 	
	DUA	      463127	Global	Relocatable 		DUN	      463137	Global	Relocatable 	
	DUAN	      463147	Global	Relocatable 		DUM	      463207	Global	Relocatable 	
	INCRUS	      463225	Global	Relocatable 		DULEX	      463264	Global	Relocatable 	
	RELREG	      463307	Global	Relocatable 		REGINI	      463402	Global	Relocatable 	
	SAVREG	      463505	Global	Relocatable 		LIVR	      463550	Global	Relocatable 	
	CTRCTH	      463563	Global	Relocatable 		COPYTR	      463575	Global	Relocatable 	
	SAVRT	      463723	Global	Relocatable 		RESRT	      464026	Global	Relocatable 	
	FREEVR	      464202	Global	Relocatable 		GETVRE	      464225	Global	Relocatable 	
	H2BL.1	      464252	Global	Relocatable Suppressed	H2BL.P	      464252	Global	Relocatable 	
	H2BL.C	      464266	Global	Relocatable 		H2BL.L	      464523	Global	Relocatable 	

		*************

BLSE..	from DSK:BLSERR.REL[31,1543]	created by BLISS on 13-Feb-74 at 12:17:00
	High segment starts at	465067 ends at	466072 length	  1004 (octal),   516. (decimal)

	BLSE.0	      465067	Global	Relocatable 		ERRTAB	      465072	Global	Relocatable 	
	BLSE.1	      465071	Global	Relocatable Suppressed	BLSE.P	      465071	Global	Relocatable 	

		*************

DRIV..	from DSK:H3BLI.REL[31,1543]	created by BLISS on  6-Oct-84 at 15:21:00
	Low  segment starts at	   440 ends at	   470 length	    31 (octal),    25. (decimal)
	High segment starts at	466073 ends at	511712 length	 23620 (octal), 10128. (decimal)

	DRIV.0	      466073	Global	Relocatable 		.ENT.0	      466073	Global	Relocatable 	
	.ENT.1	      466076	Global	Relocatable 		.ENT.2	      466102	Global	Relocatable 	
	.ENT.3	      466107	Global	Relocatable 		.ENT.4	      466115	Global	Relocatable 	
	.ENT.5	      466124	Global	Relocatable 		.EXT.5	      466134	Global	Relocatable 	
	.EXT.4	      466135	Global	Relocatable 		.EXT.3	      466136	Global	Relocatable 	
		LINK-10 symbol map of	BLIS10	version 5(124)		page 6
DRIV..
	.EXT.2	      466137	Global	Relocatable 		.EXT.1	      466140	Global	Relocatable 	
	.EXT.0	      466141	Global	Relocatable 		H3PEEV	          17	Global	Absolute    	
	PX	         440	Global	Relocatable 		PEEPHD	         441	Global	Relocatable 	
	LNKUP	         442	Global	Relocatable 		LNKUP2	         443	Global	Relocatable 	
	LNKDN	         444	Global	Relocatable 		LNKDN2	         445	Global	Relocatable 	
	PSTACK	         446	Global	Relocatable 		PSTKPT	         460	Global	Relocatable 	
	PEEPOK	         461	Global	Relocatable 		PSTOP	         462	Global	Relocatable 	
	PEEPER	      466233	Global	Relocatable 		PEEP00	      466410	Global	Relocatable 	
	PEEP01	      466666	Global	Relocatable 		PEEP02	      467065	Global	Relocatable 	
	PEEP03	      467244	Global	Relocatable 		PEEP04	      467327	Global	Relocatable 	
	PEEP07	      467426	Global	Relocatable 		PEEP10	      467462	Global	Relocatable 	
	PEEP11	      467535	Global	Relocatable 		PEEP12	      467575	Global	Relocatable 	
	PEEP23	      467605	Global	Relocatable 		PEEP14	      467634	Global	Relocatable 	
	PEEP05	      470216	Global	Relocatable 		PEEP20	      470243	Global	Relocatable 	
	PEEP21	      470363	Global	Relocatable 		PEEP30	      470411	Global	Relocatable 	
	PEEP36	      470447	Global	Relocatable 		PEEPA0	      470521	Global	Relocatable 	
	POPT01	      470605	Global	Relocatable 		POPT02	      470622	Global	Relocatable 	
	POPT03	      470722	Global	Relocatable 		POPT04	      470753	Global	Relocatable 	
	POPT06	      471004	Global	Relocatable 		POPT07	      471041	Global	Relocatable 	
	POPT09	      471076	Global	Relocatable 		POPT10	      471126	Global	Relocatable 	
	POPT11	      471156	Global	Relocatable 		POPT14	      471214	Global	Relocatable 	
	POPT15	      471257	Global	Relocatable 		POPT16	      471320	Global	Relocatable 	
	POPT17	      471350	Global	Relocatable 		POPT18	      471374	Global	Relocatable 	
	POPT19	      471421	Global	Relocatable 		POPT21	      471456	Global	Relocatable 	
	POPT22	      471503	Global	Relocatable 		POPT23	      471536	Global	Relocatable 	
	POPT24	      471563	Global	Relocatable 		POPT27	      471626	Global	Relocatable 	
	POPT29	      471655	Global	Relocatable 		POPT30	      471706	Global	Relocatable 	
	POPT70	      471744	Global	Relocatable 		POPT71	      472025	Global	Relocatable 	
	POPT72	      472063	Global	Relocatable 		POPT73	      472117	Global	Relocatable 	
	POPT74	      472162	Global	Relocatable 		POPT75	      472270	Global	Relocatable 	
	NONSKI	      472315	Global	Relocatable 		OPTOME	      472350	Global	Relocatable 	
	AROPTO	      472414	Global	Relocatable 		DELCOD	      472462	Global	Relocatable 	
	H3ASV	          14	Global	Absolute    		MACOUT	      472511	Global	Relocatable 	
	MBLKOU	      472555	Global	Relocatable 		MCODEO	      472600	Global	Relocatable 	
	MCPOUT	      472641	Global	Relocatable 		MDCLOU	      472706	Global	Relocatable 	
	MENDOU	      472753	Global	Relocatable 		MEXTOU	      473065	Global	Relocatable 	
	MLITOU	      473161	Global	Relocatable 		MMHDOU	      473232	Global	Relocatable 	
	MPLITO	      473264	Global	Relocatable 		MREGSO	      473362	Global	Relocatable 	
	R50TOA	      473557	Global	Relocatable 		H3CCV	           1	Global	Absolute    	
	CCLINI	      473670	Global	Relocatable 		H3CNV	           6	Global	Absolute    	
	PSWSTK	      474065	Global	Relocatable 		PSWTIM	      474111	Global	Relocatable 	
	PSWSTT	      474143	Global	Relocatable 		CNINIT	      474402	Global	Relocatable 	
	PSWVER	      474673	Global	Relocatable 		H3DEV	           1	Global	Absolute    	
	RFS	      475041	Global	Relocatable 		SALLMA	      475717	Global	Relocatable 	
	SMACHO	      475740	Global	Relocatable 		INSTVE	      476010	Global	Relocatable 	
	H3LDV	          14	Global	Absolute    		WRITE9	      476405	Global	Relocatable 	
	WRIT10	      476423	Global	Relocatable 		DEFLOW	      476443	Global	Relocatable 	
	DEFGLL	      476547	Global	Relocatable 		DEFGB	      476617	Global	Relocatable 	
	GETNAM	      476647	Global	Relocatable 		OFFST	      476716	Global	Relocatable 	
	RPTTRA	      476763	Global	Relocatable 		RLTTRA	      476772	Global	Relocatable 	
	LIINIT	      477504	Global	Relocatable 		LDINT	      500335	Global	Relocatable 	
	H3LEV	           2	Global	Absolute    		PURGEN	      501114	Global	Relocatable 	
	H3LSV	           3	Global	Absolute    		ERASEC	      501305	Global	Relocatable 	
	FLATFU	      501427	Global	Relocatable 		H3REV	           4	Global	Absolute    	
		LINK-10 symbol map of	BLIS10	version 5(124)		page 7
DRIV..
	PSWRES	      504067	Global	Relocatable 		PSWSAV	      504172	Global	Relocatable 	
	PSWSPC	      504250	Global	Relocatable 		RGINIT	      504375	Global	Relocatable 	
	H3XRV	           2	Global	Absolute    		XREFWR	      505346	Global	Relocatable 	
	H3DRV	          22	Global	Absolute    		MACHIN	      505373	Global	Relocatable 	
	OUTOFF	      505652	Global	Relocatable 		OUTCTR	      506325	Global	Relocatable 	
	WRITEC	      506362	Global	Relocatable 		PSWENT	      510055	Global	Relocatable 	
	DRIVER	      510210	Global	Relocatable 		DRIV.F	      510371	Global	Relocatable 	
	DRIV.1	      510403	Global	Relocatable Suppressed	DRIV.P	      510403	Global	Relocatable 	
	DRIV.C	      511013	Global	Relocatable 		DRIV.L	      511372	Global	Relocatable 	
	DRIV.G	         440	Global	Relocatable Suppressed	DRIV.O	         463	Global	Relocatable 	
	.BREG	         470	Global	Relocatable 	

		*************

LOONCE	from DSK:LOONCE.REL[31,1543]	created by MACRO on  8-Oct-84 at  9:17:00
	Low  segment starts at	   471 ends at	 14321 length	 13631 (octal),  6041. (decimal)
	High segment starts at	511713 ends at	512775 length	  1063 (octal),   563. (decimal)

	ACCUM	        2026	Global	Relocatable 		ACCUML	        1557	Global	Relocatable 	
	AMNTFR	        1522	Global	Relocatable 		ART	        5717	Global	Relocatable 	
	AVL	         471	Global	Relocatable 		BLOCKL	        1550	Global	Relocatable 	
	BODYMC	        1501	Global	Relocatable 		BREG	        1530	Global	Relocatable 	
	BUF1	        1754	Global	Relocatable 		BUF2	        2000	Global	Relocatable 	
	BUFF	        2075	Global	Relocatable 		BUFPT1	        1601	Global	Relocatable 	
	BUFPT2	        1602	Global	Relocatable 		BXA	        1730	Global	Relocatable 	
	CHANGE	        1636	Global	Relocatable 		CHAR	        1555	Global	Relocatable 	
	CNAME	       12175	Global	Relocatable 		CODEPR	        1605	Global	Relocatable 	
	CODEPT	        1604	Global	Relocatable 		CODETO	        1514	Global	Relocatable 	
	CONVT	      511713	Entry	Relocatable 		COREGO	       12257	Global	Relocatable 	
	CSTI	        1720	Global	Relocatable 		CSTIL	        1721	Global	Relocatable 	
	CT	       12261	Global	Relocatable 		CURST	        1665	Global	Relocatable 	
	CURSTA	        1700	Global	Relocatable 		CURSTE	        1677	Global	Relocatable 	
	CURSTI	        1666	Global	Relocatable 		CURSTN	        1701	Global	Relocatable 	
	DEBFLG	        1750	Global	Relocatable 		DEL	        1565	Global	Relocatable 	
	DEPTH	        2000	Global	Absolute    Suppressed	DEVBPT	        1520	Global	Relocatable 	
	DT	        2616	Global	Relocatable 		EDNUM	         124	Global	Absolute    Suppressed
	ENDLK	       12264	Global	Relocatable 		ENDOFS	       12263	Global	Relocatable 	
	ENLEX	        1574	Global	Relocatable 		ENTHED	        1707	Global	Relocatable 	
	ERRDAT	       12245	Global	Relocatable 		ERRDEV	       12247	Global	Relocatable 	
	ERRFIL	       12251	Global	Relocatable 		ERRLEV	        1512	Global	Relocatable 	
	ERROPE	       12246	Global	Relocatable 		ERRORF	        1510	Global	Relocatable 	
	ERRPPN	       12250	Global	Relocatable 		ETL	        1621	Global	Relocatable 	
	ETP	        1620	Global	Relocatable 		EXPHT	        2362	Global	Relocatable 	
	EXTCOU	       12164	Global	Relocatable 		FBLKMC	        1500	Global	Relocatable 	
	FCNLIS	        1612	Global	Relocatable 		FCNSTA	        1551	Global	Relocatable 	
	FLAGS	        1742	Global	Relocatable 		FNAME	       12173	Global	Relocatable 	
	FNSTAT	        1724	Global	Relocatable 		FORGET	        1504	Global	Relocatable 	
	FREEHE	       12262	Global	Relocatable 		FREEVH	        1517	Global	Relocatable 	
	FREG	        1531	Global	Relocatable 		FSTRHE	        1571	Global	Relocatable 	
	FUNCTI	        1547	Global	Relocatable 		FUTDEL	        1567	Global	Relocatable 	
	FUTSYM	        1566	Global	Relocatable 		GENSYM	        1610	Global	Relocatable 	
	GLLIST	        1476	Global	Relocatable 		GNAME	       12171	Global	Relocatable 	
	GNAMES	        2062	Global	Relocatable 		GRAPHH	        6003	Global	Relocatable 	
	GTL	        1613	Global	Relocatable 		GTP	        1615	Global	Relocatable 	
		LINK-10 symbol map of	BLIS10	version 5(124)		page 8
LOONCE
	HIORG	        1717	Global	Relocatable 		HITREG	        1535	Global	Relocatable 	
	HOLD	        1506	Global	Relocatable 		HT	        2421	Global	Relocatable 	
	INCA	        1641	Global	Relocatable 		INCASI	        1643	Global	Relocatable 	
	INDECS	        1703	Global	Relocatable 		IOBUFF	       10043	Global	Relocatable 	
	JMPING	        1637	Global	Relocatable 		JSPREG	        1541	Global	Relocatable 	
	LABIND	        1475	Global	Relocatable 		LAHTR	        1536	Global	Relocatable 	
	LASTED	           0	Global	Absolute    Suppressed	LINCNT	        1623	Global	Relocatable 	
	LNAME	       12177	Global	Relocatable 		LOADEC	        1537	Global	Relocatable 	
	LOC2	        1616	Global	Relocatable 		LOCC	        1617	Global	Relocatable 	
	LOONV	          16	Global	Absolute    		LSTART	        1711	Global	Relocatable 	
	LT	        2716	Global	Relocatable 		LTBASE	       12143	Global	Relocatable 	
	LTTBAS	       12153	Global	Relocatable 		LXCLOA	        1674	Global	Relocatable 	
	LXCLOP	        1671	Global	Relocatable 		LXCOMM	        1673	Global	Relocatable 	
	LXOPEA	        1672	Global	Relocatable 		LXOPEP	        1667	Global	Relocatable 	
	LXPLUS	        1670	Global	Relocatable 		MACROD	        1560	Global	Relocatable 	
	MAJVER	           5	Global	Absolute    Suppressed	MAPTB	        1706	Global	Relocatable 	
	MAXLOC	        1576	Global	Relocatable 		MCBUFF	        1472	Global	Relocatable 	
	MHTIME	        1515	Global	Relocatable 		MINVER	           0	Global	Absolute    Suppressed
	MMC	        1751	Global	Relocatable 		MNAM	        2073	Global	Relocatable 	
	MNAME	        1622	Global	Relocatable 		MODLEN	        1525	Global	Relocatable 	
	MODREG	        1533	Global	Relocatable 		MPOCDV	      511771	Global	Relocatable 	
	MUSTDU	        1702	Global	Relocatable 		NCBUFF	        1572	Global	Relocatable 	
	NDEL	        1633	Global	Relocatable 		NEEDDI	        1715	Global	Relocatable 	
	NEXTGL	        1577	Global	Relocatable 		NEXTLA	       12166	Global	Relocatable 	
	NEXTLO	        1575	Global	Relocatable 		NEXTOW	        1600	Global	Relocatable 	
	NFUTDE	        1635	Global	Relocatable 		NFUTSY	        1634	Global	Relocatable 	
	NLINES	        1554	Global	Relocatable 		NOCSAV	        1545	Global	Relocatable 	
	NODISC	        1526	Global	Relocatable 		NOENGL	       12256	Global	Relocatable 	
	NOGBGC	        1523	Global	Relocatable 		NOPSAV	        1546	Global	Relocatable 	
	NORECV	        1524	Global	Relocatable 		NOSAVR	        1553	Global	Relocatable 	
	NOSVR	        1543	Global	Relocatable 		NREG	        1626	Global	Relocatable 	
	NSYM	        1632	Global	Relocatable 		NUMENT	        1710	Global	Relocatable 	
	NUMPAR	        1642	Global	Relocatable 		OASS	        1656	Global	Relocatable 	
	OCE	      512120	Global	Relocatable 		OEQL	        1655	Global	Relocatable 	
	OFLAGS	        1651	Global	Relocatable 		OFUN	        1654	Global	Relocatable 	
	ONAME	       12167	Global	Relocatable 		ONCEON	       12265	Entry	Relocatable 	
	OPAR	        1653	Global	Relocatable 		OPTTOR	        1540	Global	Relocatable 	
	ORG2	        1716	Global	Relocatable 		OTL	        1614	Global	Relocatable 	
	OTYPE	        1652	Global	Relocatable 		PACCUM	        1561	Global	Relocatable 	
	PBUFF	        1562	Global	Relocatable 		PGM	        1607	Global	Relocatable 	
	PGSL	        1513	Global	Relocatable 		PLBOOL	        1714	Global	Relocatable 	
	PLHEAD	        1712	Global	Relocatable 		PLNEXT	        1713	Global	Relocatable 	
	PNAME	       12203	Global	Relocatable 		POC	      512000	Global	Relocatable 	
	POSIT	        1502	Global	Relocatable 		POSITC	        1503	Global	Relocatable 	
	PROGRA	        1606	Global	Relocatable 		PSTRIN	        1563	Global	Relocatable 	
	PT	        3717	Global	Relocatable 		PTLNK	        1603	Global	Relocatable 	
	PTOVEC	        1663	Global	Relocatable 		PTREFN	       12205	Global	Relocatable 	
	PTTRAN	       11143	Global	Relocatable 		QUOTET	        1625	Global	Relocatable 	
	RBREG	       12206	Global	Relocatable 		REALFS	        1704	Global	Relocatable 	
	REALS	        1705	Global	Relocatable 		REGUSE	        1552	Global	Relocatable 	
	RENTLE	       12207	Global	Relocatable 		RESREG	        1544	Global	Relocatable 	
	RETOT	        1631	Global	Relocatable 		RT	        5743	Global	Relocatable 	
	RXITLE	       12226	Global	Relocatable 		SACCUM	        2024	Global	Relocatable 	
	SAVJBR	        1505	Global	Relocatable 		SERRPO	        1657	Global	Relocatable 	
		LINK-10 symbol map of	BLIS10	version 5(124)		page 9
LOONCE
	SERRST	        1660	Global	Relocatable 		SESTOG	        1516	Global	Relocatable 	
	SFDB	        1471	Global	Relocatable 		SFORLA	        1611	Global	Relocatable 	
	SIZE	        1645	Global	Relocatable 		SREG	        1527	Global	Relocatable 	
	SSTREX	        1675	Global	Relocatable 		STACK	        6043	Global	Relocatable 	
	STARTB	       12255	Global	Relocatable 		STE	        1644	Global	Relocatable 	
	STELAS	        1647	Global	Relocatable 		STELIS	        1646	Global	Relocatable 	
	STEMC	        1477	Global	Relocatable 		STKSTA	        1722	Global	Relocatable 	
	STRDEF	        1664	Global	Relocatable 		STREXP	        1676	Global	Relocatable 	
	STRHED	        1570	Global	Relocatable 		STRINF	        1507	Global	Relocatable 	
	STRING	        2131	Global	Relocatable 		STRLXS	        1650	Global	Relocatable 	
	STRSTE	        1640	Global	Relocatable 		SVREGM	        1534	Global	Relocatable 	
	SYM	        1564	Global	Relocatable 		TABLE	       12261	Global	Relocatable 	
	TEXTHD	       12163	Global	Relocatable 		TGRBLE	        1662	Global	Relocatable 	
	TIMSTA	        1723	Global	Relocatable 		TNAME	       12201	Global	Relocatable 	
	TOPOFT	       12261	Global	Relocatable 		TRBLEV	        1661	Global	Relocatable 	
	TSTACK	         471	Global	Relocatable 		TYPE	        1624	Global	Relocatable 	
	TYPEDO	      511741	Global	Relocatable 		UNDECL	        1573	Global	Relocatable 	
	VAL	        1556	Global	Relocatable 		VALIDB	        1521	Global	Relocatable 	
	VREG	        1532	Global	Relocatable 		VTARGE	        1542	Global	Relocatable 	
	WARNIN	        1511	Global	Relocatable 		WDVECT	        1726	Global	Relocatable 	
	XHED	        1630	Global	Relocatable 		XHT	        2165	Global	Relocatable 	
	XNCBUF	        1627	Global	Relocatable 		XWDOFF	       12165	Global	Relocatable 	

		*************


	Index to LINK-10 symbol map of	BLIS10	version 5(124)		page 10

	Name	Page	Name	Page	Name	Page	Name	Page

	BLISIO	 1	DRIV..	 5	H2BL..	 4	LOONCE	 7
	BLSE..	 5	H1BL..	 3	LOBL..	 1

	[End of LINK-10 map of	BLIS10]
 @É