    P R O G R A M   P A Y R O L 		COBOL 50A(107000)	14-MAY-73  13:38		PAGE 1
    BUSCH.CBL    14-MAY-73  13:37

    0001    IDENTIFICATION DIVISION.
    0002  
    0003    PROGRAM-ID.'PAYROLL'.
    0004    REMARKS.
    0005           ASSSIGN 1 RCB
    0006           MAY 9,1972.
    0007    ENVIRONMENT DIVISION.
    0008    INPUT-OUTPUT SECTION.
    0009    FILE-CONTROL.
    0010              SELECT MASTER
    0011    ;ASSIGN TO DSK;RECORDING MODE IS 
    0012    ASCII.
    0013               SELECT PAYREP;ASSIGN TO DSK;RECORDING MODE IS ASCII.
    0014    DATA DIVISION.
    0015    FILE SECTION.
    0016    FD MASTER;VALUE OF IDENTIFICATION IS 'MASTER   '.
    0017    01 MSTR-REC.
    0018      02 LAST-NAME    PIC X(20).
    0019      02 FIRST-NAME    PIC X(15).
    0020      02  HOURS              PIC S9(2)V9.
    0021      02  RATE               PIC S9(2)V999.
    0022      02  TAXID.
    0023           03   T-1            PIC XXX.
    0024          03    T-2          PIC X(2).
    0025          03    T-3          PIC X(4).
    0026    FD PAYREP  VALUE OF IDENTIFICATION IS 'PAYROL   '.
    0027    01 PRINTLINE               PIC X(70).
    0028    WORKING-STORAGE SECTION.
    0029    77 TOT-DOLLARS            PIC S9(5)V99 VALUE ZEROES COMP.
    0030    77 DOLLARS    PIC S9(5)V99  VALUE ZEROES COMP.
    0031    01 HEADING-1.
    0032      02 FILLER              PIC X(28) VALUE SPACES.
    0033      02 TITLE       PIC X(14) VALUE IS 'PAYROLL REPORT'.
    0034      02 FILLER       PIC  X(28)  VALUE SPACES.
    0035    01 HEADING-2.
    0036      02 FILLER PIC X(12) VALUE IS 'SOC-SEC     '.
    0037      02 FILLER PIC X(5) VALUE IS 'FIRST'.
    0038      02 FILLER PIC X(11) VALUE SPACES.
    0039      02 FILLER PIC X(4) VALUE IS 'LAST'.
    0040      02 FILLER PIC X(17) VALUE SPACES.
    0041      02 FILLER PIC X(7) VALUE IS 'HOURS  '.
    0042      02 FILLER PIC X(7) VALUE IS 'HOURLY '.
    0043      02 FILLER PIC X(7) VALUE IS 'DOLLARS'.
    0044    01 HEADING-3.
    0045      02 FILLER PIC X(12) VALUE IS SPACES.
    0046      02 FILLER PIC X(4) VALUE IS 'NAME'.
    0047      02 FILLER PIC X(12) VALUE SPACES.
    0048      02 FILLER PIC X(4) VALUE IS 'NAME'.
    0049    
    0050     02 FILLER  PIC X(17) VALUE SPACES.
    0051      02 FILLER PIC X(7) VALUE IS 'WORKED'.
    0052      02 FILLER PIC X(7) VALUE IS 'RATE   '.
    0053      02 FILLER PIC X(7)  VALUE IS 'EARNED '.
    0054  
    0055    01 TOTAL-LINE.
    0056      02 FILLER PIC X(55) VALUE SPACES.    P R O G R A M   P A Y R O L 		COBOL 50A(107000)	14-MAY-73  13:38		PAGE 1-1
    BUSCH.CBL    14-MAY-73  13:37

    0057      02 FILLER PIC X(7) VALUE IS 'TOTAL '.
    0058      02 PAY-DOLLARS PIC $9999.99.
    0059    01 DETAIL-LINE.
    0060      02 P-TAXID-1 PIC X(3).
    0061      02 FILLER PIC X VALUE '-'.
    0062      02 P-TAXID-2 PIC XX.
    0063      02 FILLER PIC X VALUE '-'.
    0064      02 P-TAXID-3 PIC X(4).
    0065  
    0066      02 FILLER PIC X VALUE SPACE.
    0067     02  P-F-NAME PIC X(15).
    0068      02 P-L-NAME PIC X(20).
    0069     02 FILLER PIC XX VALUE SPACES.
    0070     02 P-HOURS PIC ZZ.9.
    0071    02 FILLER PIC XX VALUE SPACES.
    0072     02 P-RATE PIC Z9.999.
    0073    02 FILLER PIC X VALUE SPACE.
    0074      02 P-DOLLARS PIC $9999.99.
    0075  
    0076    PROCEDURE DIVISION.
    0077    ONE-TIME.
    0078         OPEN INPUT MASTER
    0079    .
    0080         OPEN OUTPUT PAYREP.
    0081    HEADING.
    0082         WRITE PRINTLINE FROM HEADING-1 BEFORE ADVANCING 2 LINES.
    0083         WRITE PRINTLINE FROM HEADING-2.
    0084         WRITE PRINTLINE FROM HEADING-3 BEFORE ADVANCING 2 LINES.
    0085    BEGINIT.
    0086          READ MASTER
    0087    AT END  GO TO EOJ-ROUT.
    0088          COMPUTE DOLLARS=RATE*HOURS.
    0089          ADD DOLLARS TO TOT-DOLLARS.
    0090          MOVE DOLLARS TO P-DOLLARS.
    0091          MOVE LAST-NAME TO P-L-NAME.
    0092          MOVE FIRST-NAME TO P-F-NAME.
    0093          MOVE HOURS TO P-HOURS.
    0094          MOVE RATE TO P-RATE.
    0095           MOVE T-1 TO P-TAXID-1.
    0096          MOVE T-2 TO P-TAXID-2.
    0097          MOVE T-3 TO P-TAXID-3.
    0098          WRITE PRINTLINE FROM DETAIL-LINE.
    0099           GO TO BEGINIT.
    0100  
    0101    EOJ-ROUT.
    0102          MOVE TOT-DOLLARS TO PAY-DOLLARS.
    0103          WRITE PRINTLINE FROM TOTAL-LINE AFTER  
    0104                  ADVANCING 1 LINES.
    0105          CLOSE MASTER PAYREP.
    0106           STOP RUN.    P R O G R A M   P A Y R O L 		COBOL 50A(107000)	14-MAY-73  13:38		PAGE W-1
    BUSCH.CBL    14-MAY-73  13:37

WARNINGS:

    0088  LEAST SIGNIFICANT DIGITS TRUNCATED ON DOLLARS
    0090  MOST SIGNIFICANT DIGITS TRUNCATED ON P-DOLLARS
    0102  MOST SIGNIFICANT DIGITS TRUNCATED ON PAY-DOLLARS


NO FATAL ERRORS, 3 WARNINGS
