    P R O G R A M   P A Y R O L 		COBOL 50A(107000)	14-MAY-73  11:36		PAGE 1
    JERE1.CBL    14-MAY-73  11:35

    0001    IDENTIFICATION DIVISION.
    0002    PROGRAM-ID.
    0003        'PAYROLL'.
    0004  
    0005    AUTHOR. JERE MOORMAN.
    0006    DATE-WRITTEN. MAY,1973.
    0007    REMARKS. COBOL ASSIGNMENT.
    0008  
    0009    ENVIRONMENT DIVISION.
    0010      CONFIGURATION SECTION.
    0011       SOURCE-COMPUTER. DECsystem-10. 
    0012    
    0013    BJECT-COMPUTER.
    0014        PDP10.
	        ^

***				DECsystem-10 ASSUMED

    0015    INPUT-OUTPUT SECTION.
    0016    FILE-CONTROL.
    0017    SELECT PAYFILE,ASSIGN TO DISK;RECORDING MODE IS ASCII.
    0018    SELECT OUTFILE,ASSIGN TO DISK;RECORDING MODE IS ASCII.
    0019    DATA DIVISION.
    0020    FILE SECTION.
    0021    FD PAYFILE.
	       ^

***				FATAL - NO RECORD NAME GIVEN
***				FATAL - VALUE OF ID REQUIRED

    0022    DATA RECORD IS PAY-RECORD.
	    ^

***				FATAL - FD EXPECTED

    0023    01 PAY-RECORD.
    0024    02 NAME.
    0025    03 LAS-NAME  PIC X(20).
    0026    03 FIR-NAME  PIC X(15).
    0027    02 HR-WORK PIC 9(3)V9.
    0028    02 HR-RATE PIC 9(5)V999.
    0029    02 SOS-NO PIC 9(9).
    0030    FD OUTFILE.
	       ^

***				FATAL - VALUE OF ID REQUIRED

    0031    01 OUTRECORD.
    0032    02 SOS-NOM PICTURE 9(9).
    0033    02 FIRST-NAME PIC X(15).
    0034    02 LAST-NAME PIC X(20).
    0035    02 HRS-WORK PIC 9(3)V9.
    0036    02 HRS RATE PIC 9(5)V999
	      1^  2^               3^

***				1) FATAL - PICTURE REQUIRED    P R O G R A M   P A Y R O L 		COBOL 50A(107000)	14-MAY-73  11:36		PAGE 1-1
    JERE1.CBL    14-MAY-73  11:35

***				2) FATAL - IMPROPER CLAUSE
***				3) PERIOD ASSUMED

    0037    02 EARNINGS-1 PIC 9(6)V99.
    0038  
    0039    WORKING-STORAGE SECTION.
    0040    77 HR-WORK 9(3)V9.
	      1^     2^3^

***				1) FATAL - PICTURE REQUIRED
***				2) PERIOD ASSUMED
***				3) FATAL - THIS CANNOT BE A DATA NAME

    0041    77HR-RATE PIC 9(5)V999.
    0042    77 EARNINGS PIC 9(6)V99.
    0043    77 ACUMX PIC 9(8)V99.
    0044    PROCEDURE DIVISION.
    0045    START PROCESSING.
	         ^^

***				PERIOD ASSUMED
***				FATAL - STATEMENT EXPECTED

    0046    OPEN INPUT PAYFILE, OUTPUT OUTFILE.
    0047    READ PAYFILE AT END, GO TO END OF RUN.
	                               ^

***				FATAL - PARAGRAPH NAME EXPECTED

    0048    COMPUTE EARNINGS=HR-WORK*HR-RATE.
	           1^               2^

***				1) FATAL - IMPROPER CLASS
***				2) FATAL - NOT DEFINED

    0049    ADD EARNINGS TO ACUMX.
	    ^

***				FATAL - BAD USAGE -- COMPILER ERROR

    0050    MOVE EARNINGS TO EARNINGS-1.
    0051    MOVE LAS-NAME TO LAST-NAME.
	         ^

***				FATAL - NOT DEFINED

    0052    MOVE FIR-NAME TO FIRST-NAME.
	         ^

***				FATAL - NOT DEFINED

    0053    MOVE HR-WORK TO HRS-WORK.
	                    ^

***				FATAL - IMPROPER CLASS
    P R O G R A M   P A Y R O L 		COBOL 50A(107000)	14-MAY-73  11:36		PAGE 1-2
    JERE1.CBL    14-MAY-73  11:35

    0054    MOVE HR-RATE TO HRS-RATE.
	         ^

***				FATAL - NOT DEFINED

    0055    MOVE SOS-NO TO SOS-NOM.
	         ^

***				FATAL - NOT DEFINED

    0056    WRITE OUTFILE.
	          ^

***				FATAL - RECORD NAME EXPECTED

    0057    END-OF-RUN
	              ^

***				PERIOD ASSUMED

    0058    MOVE ZEROES TO OUTREC.
	                   ^

***				FATAL - NOT DEFINED

    0059    MOVE ACUMX TO  EARNINGS-1.
    0060    WRITE OUTFILE.
	         ^^

***				PERIOD ASSUMED
***				FATAL - RECORD NAME EXPECTED
    P R O G R A M   P A Y R O L 		COBOL 50A(107000)	14-MAY-73  11:36		PAGE W-1
    JERE1.CBL    14-MAY-73  11:35

WARNINGS:

    0059  MOST SIGNIFICANT DIGITS TRUNCATED ON EARNINGS-1


21 FATAL ERRORS, 7 WARNINGS
