STRING.F4	F40	V26(10)	15-MAY-73	15:20	PAGE 1


  		      C ****************MENU INPUT ROUTINE*********
STRING.F4	F40	V26(10)	15-MAY-73	15:20	PAGE 2


  		      C *ALPRY = ALPHABETIC ARRAY CONTAINING THE MENU
  		      C *LENALP = LENGTH OF THE MENU ITEMS
  		      C *NOALPS = NO. OF ITEMS
  		      C *IP = PRINT FLAG
  		      C *LOCX,LOCY = COORDINATE OF START OF MENU
  		      C *IRET =NO. IDENTIFYING THE SELECTION
  		      C****************************************************************
  		      C*     COPYRIGHT        TEKTRONIX, INC    1973
  		      C*                       BEAVERTON, OREGON
  		      C*     PLOT-10/DECISION MAKER RELEASE 1.0 - VERSION 1
  		      C*               MODIFICATION LEVEL 0
  		      C****************************************************************
  		             SUBROUTINE MENUG(ALPARY,LENALP,NOALPS,IP,LOCX,LOCY,IRET)
  		             DIMENSION ALPARY(LENALP,NOALPS),STR(20)
  		             DATA IVSZ/22/
  		             CALL MOVABS(LOCX,LOCY)
  		             IF(IP.EQ.0)GO TO 40
  		             DO 30  I=1,NOALPS
  		             DO 20 J=1,LENALP
  		      20     STR(J)=ALPARY(J,I)
  		             CALL MOVREL(0,-IVSZ)
  		      30     CALL STOUT(STR,LENALP*4)
  		      40     CALL DCURSR(IC,IX,IY)
  		             IRET=1
  		             IF(IC.EQ.36)GO TO 50
  		             DO 10 I=1,NOALPS
  		             IF(IY.LT.LOCY-I*IVSZ)IRET=IRET+1
  		      10     CONTINUE
  		             IRET=IRET+1
  		             IF(IY.LT.LOCY-(NOALPS+1)*IVSZ)IRET=1
  		             RETURN
  		      50     IP=36
  		             RETURN
  		             END

CONSTANTS

0	000000000001	1	000000000000	

GLOBAL DUMMIES

ALPARY	152		LENALP	153		NOALPS	154		IP    	155		LOCX  	156	
LOCY  	157		IRET  	160		

SUBPROGRAMS

ADJ.  	MOVABS	MOVREL	STOUT 	DCURSR	

SCALARS

MENUG 	162		LENALP	153		NOALPS	154		IVSZ  	163		LOCX  	156	
LOCY  	157		IP    	155		I     	164		J     	165		IC    	166	
IX    	167		IY    	170		IRET  	160		
STRING.F4	F40	V26(10)	15-MAY-73	15:20	PAGE 3



ARRAYS

ALPARY	152		STR   	171		

 MENUG
STRING.F4	F40	V26(10)	15-MAY-73	15:20	PAGE 4


  		      C *****************MESSAGE OUTPUT ROUTINE*********
STRING.F4	F40	V26(10)	15-MAY-73	15:20	PAGE 5


  		      C *MID = MESSAGE IDENTIFICATION NUMBER
  		      C****************************************************************
  		      C*     COPYRIGHT        TEKTRONIX, INC    1973
  		      C*                       BEAVERTON, OREGON
  		      C*     PLOT-10/DECISION MAKER RELEASE 1.0 - VERSION 1
  		      C*               MODIFICATION LEVEL 0
  		      C****************************************************************
  		            SUBROUTINE MESAGE(MID)
  		            DIMENSION M(56),KABLE(10),LEN(10)
  		            DATA LEN/24,27,35,35,16,16,19,31,16,0/
  		            DATA KABLE/1,7,14,23,32,36,40,45,53,56/
  		            DATA M/'ENTE','R FI','LE S','EGME','NT N','AME-','PLEA','SE S',
  		           ''ELEC','T A ','MENU',' ITE','M.','ENTE','R OP','ERAT','ING ',
  		           ''FILE',' SEG','MENT',' NAM','E-','ENTE','R RE','SULT','ING ',
  		           ''FILE',' SEG','MENT',' NAM','E-','ENTE','R CO','NSTA','NT-',
  		           ''WORK',' FIL','E FU','LL!!','ENTE','R PA','GE N','UMBE','R-',
  		           ''DO Y','OU W','ANT ','TO S','ET T','HE L','IMIT','S?',
  		           ''PAGE',' NOT',' IN ','FILE'/
  		            I=KABLE(MID)
  		            CALL WRITEL(M(I),LEN(MID))
  		            RETURN
  		            END

GLOBAL DUMMIES

MID   	31		

SUBPROGRAMS

WRITEL	

SCALARS

MESAGE	32		I     	33		MID   	31		

ARRAYS

M     	34		KABLE 	124		LEN   	136		

 MESAGE
STRING.F4	F40	V26(10)	15-MAY-73	15:20	PAGE 6


  		      C **************LINE OUTPUT ROUTINE*********
STRING.F4	F40	V26(10)	15-MAY-73	15:20	PAGE 7


  		      C *STR = STRING TO BE OUTPUT
  		      C *LEN = NO. OF CHARACTERS
  		      C****************************************************************
  		      C*     COPYRIGHT        TEKTRONIX, INC    1973
  		      C*                       BEAVERTON, OREGON
  		      C*     PLOT-10/DECISION MAKER RELEASE 1.0 - VERSION 1
  		      C*               MODIFICATION LEVEL 0
  		      C****************************************************************
  		             SUBROUTINE WRITEL(STR,LEN)
  		             DIMENSION STR(10)
  		             DATA LINE,MAX,IVSZ/1,34,22/
  		             IF(LEN.EQ.0)GO TO 10
  		             CALL MOVABS(0,780-IVSZ*LINE)
  		             CALL STOUT(STR,LEN)
  		             IF (LINE.LT.MAX)LINE=LINE+1
  		             IF (LINE.EQ.MAX)GO TO 20
  		      30     RETURN
  		      20    READ(5,100)ANS
  		      100    FORMAT(A4)
  		             LINE=1
  		             GO TO 30
  		      10     LINE=1
  		             RETURN
  		             END

CONSTANTS

0	000000000000	

GLOBAL DUMMIES

STR   	63		LEN   	64		

SUBPROGRAMS

MOVABS	STOUT 	ALPHO.	ALPHI.	

SCALARS

WRITEL	66		LINE  	67		MAX   	70		IVSZ  	71		LEN   	64	
ANS   	72		

ARRAYS

STR   	63		

 WRITEL
STRING.F4	F40	V26(10)	15-MAY-73	15:20	PAGE 8


  		      C ******************MULTIPLE STRING INPUT ROUTINE*****
STRING.F4	F40	V26(10)	15-MAY-73	15:20	PAGE 9


  		      C *ARY =ARRAY OF CHARACTERS INPUT
  		      C *LENS = LENGTHS OF THE STRINGS
  		      C *NSTR = NUMBER OF STRINGS
  		      C *IIX,IIY = COORDINATES OF THE START OF FIRST STRING
  		      C****************************************************************
  		      C*     COPYRIGHT        TEKTRONIX, INC    1973
  		      C*                       BEAVERTON, OREGON
  		      C*     PLOT-10/DECISION MAKER RELEASE 1.0 - VERSION 1
  		      C*               MODIFICATION LEVEL 0
  		      C****************************************************************
  		             SUBROUTINE STINS(ARY,LENS,NSTR,IIX,IIY)
  		             DIMENSION ARY(500),LENS(34)
  		             IWORDS(LN)=LN/4+MIN0(1,MOD(LN,4))
  		             IX=IIX
  		             IY=IIY
  		             IVFLAG=0
  		             IF(LENS(1).GE.0)GO TO 1
  		             IVFLAG=1
  		      1      MAXLN=LENS(1)
  		             CALL MOVABS(IX,IY)
  		             NSTR=1
  		             IPLAC=1
  		      8      LENS(NSTR)=MAXLN
  		             CALL STIN(ARY(IPLAC),LENS(NSTR))
  		             IF(LENS(NSTR))9,10,11
  		      11     LENS(NSTR+1)=IPLAC+IWORDS(LENS(NSTR))
  		      C  PUT TOTAL LENGTH IN THE LAST
  		             RETURN
  		      10     CALL MOVABS(IX,IY)
  		             GO TO 8
  		      9      IF(IVFLAG.EQ.1)GO TO 12
  		             IY=IY-22
  		      13     CALL MOVABS(IX,IY)
  		             LENS(NSTR)=-LENS(NSTR)
  		             IPLAC=IPLAC+IWORDS(LENS(NSTR))
  		             NSTR=NSTR+1
  		             GO TO 8
  		      12     IX=IX+32
  		             GO TO 13
  		             END

CONSTANTS

0	000000000004	1	000000000001	

GLOBAL DUMMIES

ARY   	214		LENS  	215		NSTR  	216		IIX   	217		IIY   	220	

SUBPROGRAMS

MIN0  	MOD   	MOVABS	STIN  	

STRING.F4	F40	V26(10)	15-MAY-73	15:20	PAGE 10


SCALARS

STINS 	222		IX    	223		IIX   	217		IY    	224		IIY   	220	
IVFLAG	225		MAXLN 	226		NSTR  	216		IPLAC 	227		

ARRAYS

ARY   	214		LENS  	215		

 STINS
STRING.F4	F40	V26(10)	15-MAY-73	15:20	PAGE 11


  		      C ***************MULTILPE STRING OUTPUT***********
STRING.F4	F40	V26(10)	15-MAY-73	15:20	PAGE 12


  		      C *ARY = ARRAY OF CHARACTERS FOR STRING
  		      C *LENS = LENGTHS OF THE STRINGS
  		      C *NSTR = NO. OF STRINGS
  		      C *IX, IY = STARTING COORDINATES OF STRING ON SCREEN
  		      C****************************************************************
  		      C*     COPYRIGHT        TEKTRONIX, INC    1973
  		      C*                       BEAVERTON, OREGON
  		      C*     PLOT-10/DECISION MAKER RELEASE 1.0 - VERSION 1
  		      C*               MODIFICATION LEVEL 0
  		      C****************************************************************
  		             SUBROUTINE STOUTS(ARY,LENS,NSTR,IX,IY)
  		             DIMENSION ARY(500),LENS(34)
  		             IWORDS(LN)=LN/4+MIN0(1,MOD(LN,4))
  		             IVFLAG=0
  		             IF(LENS(1).GE.0)GO TO 1
  		             IVFLAG=1
  		             LENS(1)=-LENS(1)
  		      1      CALL MOVABS(IX,IY)
  		             IPLAC=1
  		             N=1
  		      10     IF(IVFLAG.EQ.1)LENS(N)=-LENS(N)
  		             CALL STOUT(ARY(IPLAC),LENS(N))
  		             IF(IVFLAG.EQ.1) GO TO 12
  		             IY=IY-22
  		      13     IPLAC=IPLAC+IWORDS(LENS(N))
  		             IF(N.GE.NSTR)RETURN
  		             CALL MOVABS(IX,IY)
  		             N=N+1
  		             GO TO 10
  		      12     IX=IX+32
  		             GO TO 13
  		             END

CONSTANTS

0	000000000004	1	000000000001	

GLOBAL DUMMIES

ARY   	167		LENS  	170		NSTR  	171		IX    	172		IY    	173	

SUBPROGRAMS

MIN0  	MOD   	MOVABS	STOUT 	

SCALARS

STOUTS	175		IVFLAG	176		IX    	172		IY    	173		IPLAC 	177	
N     	200		NSTR  	171		

ARRAYS

ARY   	167		LENS  	170		
STRING.F4	F40	V26(10)	15-MAY-73	15:20	PAGE 13



 STOUTS
STRING.F4	F40	V26(10)	15-MAY-73	15:20	PAGE 14


  		      C ********************STRING INPUT ROUTINE *****
STRING.F4	F40	V26(10)	15-MAY-73	15:20	PAGE 15


  		      C *IR = ARRAY TO RECIEVE INPUT
  		      C *LEN = MAX PERMITTED, ACTUAL LENGTH IN CHARS.
  		      C****************************************************************
  		      C*     COPYRIGHT        TEKTRONIX, INC    1973
  		      C*                       BEAVERTON, OREGON
  		      C*     PLOT-10/DECISION MAKER RELEASE 1.0 - VERSION 1
  		      C*               MODIFICATION LEVEL 0
  		      C****************************************************************
  		             SUBROUTINE STIN(IR,LEN)
  		      C    SYSTEM DEPENDANT ROUTINE
  		             DIMENSION IR(20)
  		             DATA IV/22/
  		      C     KWD IS THE NUMBER OF CHARACTERS PER WORD
  		             IVFLAG=0
  		             IF(LEN)1,2,3
  		      1      IVFLAG=1
  		             LEN =-LEN
  		      3      ICOUNT=1
  		             I=1
  		      4      L=-1
  		             DO 30 K=6,27,7
  		             CALL ANMODE
  		             CALL TINPUT(ICHAR)
  		             IF(ICHAR.EQ.13)GO TO 60
  		             IF(ICHAR.EQ.08)GO TO 20
  		             IF(ICHAR.EQ.10)GO TO 50
  		             CALL TOUTPT(ICHAR)
  		             IF(IVFLAG.EQ.1) CALL MOVREL(0,-IV)
  		      C****************************************************************
  		      C*     COPYRIGHT        TEKTRONIX, INC    1973
  		      C*                       BEAVERTON, OREGON
  		      C*     PLOT-10/DECISION MAKER RELEASE 1.0 - VERSION 1
  		      C*               MODIFICATION LEVEL 0
  		      C****************************************************************
  		      C   ISI PACK SUBROUTINE!
  		      11     CALL PACK(IR(I),L,K,ICHAR)
  		             L=L+7
  		             IF(ICOUNT.EQ.LEN)RETURN
  		      30     ICOUNT=ICOUNT+1
  		             I=I+1
  		             GO TO 4
  		      60     LEN=ICOUNT-1
  		      2      RETURN
  		      20     LEN=0
  		             GO TO 2
  		      50     LEN=-ICOUNT+1
  		      C  NEG COUNT SIGNALS IT WAS A LF
  		             GO TO 2
  		             END

CONSTANTS

0	000000000000	
STRING.F4	F40	V26(10)	15-MAY-73	15:20	PAGE 16



GLOBAL DUMMIES

IR    	125		LEN   	126		

SUBPROGRAMS

ANMODE	TINPUT	TOUTPT	MOVREL	PACK  	

SCALARS

STIN  	130		IV    	131		IVFLAG	132		LEN   	126		ICOUNT	133	
I     	134		L     	135		K     	136		ICHAR 	137		

ARRAYS

IR    	125		

 STIN
STRING.F4	F40	V26(10)	15-MAY-73	15:20	PAGE 17


  		      C *****************STRING OUTPUT ROUTINE******
STRING.F4	F40	V26(10)	15-MAY-73	15:20	PAGE 18


  		      C *STR = ARRAY CONTAINING STRING
  		      C *LEN =LENGTH OF STRING IN CHARS.
  		      C****************************************************************
  		      C*     COPYRIGHT        TEKTRONIX, INC    1973
  		      C*                       BEAVERTON, OREGON
  		      C*     PLOT-10/DECISION MAKER RELEASE 1.0 - VERSION 1
  		      C*               MODIFICATION LEVEL 0
  		      C****************************************************************
  		             SUBROUTINE STOUT(STR,LEN)
  		             DIMENSION STR(10)
  		             DATA IHORZ,IVERT/14,22/
  		             IVFLAG=0
  		             IF(LEN)2,2,1
  		      2      IVFLAG=1
  		             LEN=-LEN
  		      1      ICOUNT=1
  		             I=1
  		      3      K=-1
  		             DO 4 J=6,27,7
  		             CALL UNPACK(STR(I),K,J,ICHAR)
  		             CALL ANMODE
  		             CALL TOUTPT(ICHAR)
  		             IF(IVFLAG.EQ.1)CALL MOVREL(0,-IVERT)
  		             IF(ICOUNT.EQ.LEN)RETURN
  		             K=K+7
  		      4      ICOUNT=ICOUNT+1
  		             I=I+1
  		             GO TO 3
  		             END

CONSTANTS

0	000000000000	

GLOBAL DUMMIES

STR   	77		LEN   	100		

SUBPROGRAMS

UNPACK	ANMODE	TOUTPT	MOVREL	

SCALARS

STOUT 	102		IHORZ 	103		IVERT 	104		IVFLAG	105		LEN   	100	
ICOUNT	106		I     	107		K     	110		J     	111		ICHAR 	112	

ARRAYS

STR   	77		

 STOUT
  