    P R O G R A M   S 0 C M R 0 		COBOL 4(56)	29-MAR-73  09:18		PAGE 1

    0001    IDENTIFICATION DIVISION.
    0002    PROGRAM-ID. S0CMR040.                                           
    0003    AUTHOR. S GOGELA.                                               
    0004    ENVIRONMENT DIVISION.                                           
    0005    CONFIGURATION SECTION.                                          
    0006    INPUT-OUTPUT SECTION.                                           
    0007    FILE-CONTROL.                                                   
    0008        SELECT DATA1 ASSIGN TO DSK RECORDING MODE IS ASCII. 
    0009        SELECT AMFTG ASSIGN TO DSK RECORDING MODE IS ASCII. 
    0010  
    0011    DATA DIVISION.                                                  
    0012    FILE SECTION.                                                   
    0013    FD  DATA1                                                      
    0014        VALUE OF IDENTIFICATION IS 'DATA1 DAT'. 
    0015    01  IN-REC . 
    0016        02 F-R.                                                     
    0017          04 OPT    PICTURE X(7).                                   
    0018          04 OP     PICTURE X(3).                                   
    0019          04 FILLER PICTURE X(70).                                  
    0020        02 S-R REDEFINES F-R.                                       
    0021          04 REQ-NO.                                                
    0022            06 RQNMR   PICTURE 9(2).                                
    0023          04 FILLER PICTURE X(78).                                  
    0024    FD  AMFTG                                                      
    0025        VALUE OF IDENTIFICATION IS 'AMFTG DAT'. 
    0026    01  OUT . 
    0027        02 FILLER   PICTURE X(80).                                  
    0028    WORKING-STORAGE SECTION.                                        
    0029    77  RSN    COMPUTATIONAL   PICTURE S99 VALUE 1 SYNC.            
    0030    77  SW      PICTURE X VALUE ZERO.                               
    0031    77  X       PICTURE X VALUE ZERO.                               
    0032    77  Y       PICTURE X VALUE ZERO.                               
    0033    77  Z       PICTURE X VALUE ZERO.                               
    0034    77  A       PICTURE X VALUE ZERO.                               
    0035    77  ERR     PICTURE X VALUE ZERO.                               
    0036    77  REQ-P   PICTURE X(2) VALUE ZEROS.                           
    0037    77  I       COMPUTATIONAL PICTURE S99 VALUE 1 SYNC.             
    0038    77  K       COMPUTATIONAL PICTURE S99 VALUE 1 SYNC.             
    0039    77  L       COMPUTATIONAL PICTURE S9  VALUE 1 SYNC.             
    0040    77  ABC     PICTURE 9 VALUE ZERO.                               
    0041    77  PN-CH   PICTURE 9(2) VALUE ZERO.                            
    0042    01  PRINT . 
    0043       02 CC        PICTURE X. 
    0044       02 FILLER   PICTURE X(132). 
    0045    01  CH-R . 
    0046        02 RECORD--X OCCURS 31 TIMES.                               
    0047          04 CCC PICTURE X.                                         
    0048          04 REC.                                                   
    0049            06 RQNOR.                                               
    0050            07 R-NO   PICTURE 9(2).                                 
    0051            06 FORM  PICTURE 9(3).                                  
    0052            06 PROP-REC OCCURS 5 TIMES.                             
    0053             07 PNX.                                                
    0054              08 P-N    PICTURE 9(2).                               
    0055             07 VLX.                                                
    0056              08 VAL    PICTURE 9(6)V9(4).                              P R O G R A M   S 0 C M R 0 		COBOL 4(56)	29-MAR-73  09:18		PAGE 1-1

    0057             07 DCX.                                                
    0058              08 D-C    PICTURE 9(2).                               
    0059             07 R-C     PICTURE X.                                  
    0060          04 FILLER     PICTURE X(10).                              
    0061          04 DESC       PICTURE X(42).                              
    0062    01  H1 . 
    0063        02 C1       PICTURE X VALUE '1'.                            
    0064        02 FILLER   PICTURE X(8) VALUE '  ***   '.                  
    0065        02 DATO     PICTURE X(12).                                  
    0066        02 FILLER   PICTURE X(80) VALUE '   *   COMPUTERIZED MATERIA
    0067  -     ' SELECTION SYSTEM   *  INVALID REQUEST CARDS  ***   '.     
    0068        02 FILLER   PICTURE X(32) VALUE SPACES.                     
    0069    01  H2 . 
    0070        02 C2       PICTURE X VALUE '-'.                            
    0071        02 FILLER   PICTURE X(26) VALUE SPACES.                     
    0072        02 FILLER   PICTURE X(25) VALUE ' = MISSING OPTION CARD = '.
    0073        02 FILLER   PICTURE X(81) VALUE SPACES.                     
    0074    01  R-NO--Q000.                                                 
    0075    02  R-NO--R000 PICTURE S9(2).                                   
    0076    01  P-N--Q001.                                                  
    0077    02  P-N--R001 PICTURE S9(2).                                    
    0078    01  VAL--Q002 . 
    0079    02  VAL--R002 PICTURE S9(6)V9(4).                               
    0080    01  D-C--Q003.                                                  
    0081    02  D-C--R003 PICTURE S9(2).                                    
    0082    PROCEDURE DIVISION.                                             
    0083    ST-PR.                                                          
    0084        OPEN  INPUT  DATA1                                         
    0085        OPEN  OUTPUT AMFTG                                         . 
    0086        MOVE TODAY TO DATO.                                  
    0087        MOVE SPACES TO CH-R.                                        
    0088    READ-REC.                                                       
    0089        READ DATA1 AT END GO TO EOR.                               
    0090        IF X = '0' GO TO ST1.                                       
    0091    ST2.                                                            
    0092        IF Z = '0' MOVE 1 TO Z MOVE REQ-NO TO REQ-P.                
    0093        IF REQ-NO = REQ-P GO TO ST3.                                
    0094        MOVE REQ-NO TO REQ-P.                                       
    0095        IF A = '0' GO TO ST4.                                       
    0096        MOVE ZERO TO A.                                             
    0097        MOVE 1 TO I.                                                
    0098        GO TO ST5.                                                  
    0099    ST1.                                                            
    0100        MOVE 1 TO X.                                                
    0101        IF OPT = 'OPTION ' GO TO ST6.                               
    0102        MOVE 3 TO ABC.                                              
    0103        GO TO ST2.                                                  
    0104    ST6.                                                            
    0105        IF OP = 'ALL' MOVE 1 TO ABC GO TO READ-REC.                 
    0106        IF OP = 'ONL' MOVE 2 TO ABC GO TO READ-REC.                 
    0107        MOVE 3 TO ABC.                                              
    0108        GO TO READ-REC.                                             
    0109    ST3.                                                            
    0110        IF I NOT > 30 GO TO ST5.                                    
    0111        IF A = '0' GO TO ST7.                                       
    0112    OLE.                                                                P R O G R A M   S 0 C M R 0 		COBOL 4(56)	29-MAR-73  09:18		PAGE 1-2

    0113        MOVE 'WRONG NUMBER OF REQ.CARDS FOR 1 REQUEST>30' TO        
    0114        DESC (1).                                                   
    0115        MOVE IN-REC TO REC (1).                                     
    0116        DISPLAY RECORD--X (1). 
    0117        MOVE SPACES TO CH-R.                                        
    0118        GO TO READ-REC.                                             
    0119    ST7.                                                            
    0120        MOVE 1 TO K.                                                
    0121        IF Y = 0 MOVE 1 TO Y DISPLAY H1. 
    0122    ST8.                                                            
    0123        MOVE 'WRONG NUMBER OF REQ.CARDS FOR 1 REQUEST>30' TO        
    0124        DESC (K).                                                   
    0125        DISPLAY RECORD--X (K). 
    0126        ADD 1 TO K.                                                 
    0127        IF K NOT > I GO TO ST8.                                     
    0128        MOVE 1 TO A.                                                
    0129        GO TO OLE.                                                  
    0130    ST5.                                                            
    0131        MOVE IN-REC TO REC (I).                                     
    0132        ADD 1 TO I.                                                 
    0133        GO TO READ-REC.                                             
    0134    ST4.                                                            
    0135        MOVE 1 TO K.                                                
    0136        MOVE 1 TO L.                                                
    0137    ST9.                                                            
    0138        EXAMINE RQNOR (K) REPLACING LEADING ' ' BY ZERO.            
    0139        MOVE R-NO (K) TO R-NO--Q000 IF R-NO--R000 NOT NUMERIC MOVE 1
    0140        TO ERR                                                      
    0141        MOVE 'REQ-NO IS NOT NUMERIC' TO DESC (K).                   
    0142        EXAMINE PNX (K, L) REPLACING LEADING ' ' BY ZERO.           
    0143        EXAMINE VLX (K, L) REPLACING LEADING ' ' BY ZERO.           
    0144        EXAMINE DCX (K, L) REPLACING LEADING ' ' BY ZERO.           
    0145        MOVE P-N (K L) TO P-N--Q001 IF P-N--R001 NOT NUMERIC MOVE 1 
    0146        TO ERR                                                      
    0147        MOVE 'PROPERTY NUMBER IS NOT NUMERIC' TO DESC (K)           
    0148        GO TO KRX7.                                                 
    0149        IF P-N (K, L) > 44 MOVE 1 TO ERR                            
    0150        MOVE 'PROPERTY NUMBER IS > 44       ' TO DESC (K).          
    0151    KRX7.                                                           
    0152        MOVE VAL (K L) TO VAL--R002 IF VAL--R002 NOT NUMERIC MOVE 1 
    0153        TO ERR                                                      
    0154        MOVE 'VALUE IS NOT NUMERIC' TO DESC (K).                    
    0155        MOVE D-C (K L) TO D-C--Q003 IF D-C--R003 NOT NUMERIC MOVE 1 
    0156        TO ERR                                                      
    0157        MOVE 'DESCRIPTION CODE IS NOT NUMERIC' TO DESC (K).         
    0158        IF R-C (K, L) = ' ' GO TO ST10.                             
    0159        IF R-C (K, L) = '1' GO TO ST10.                             
    0160        IF R-C (K, L) = '2' GO TO ST10.                             
    0161        MOVE 'WRONG R-CODE' TO DESC (K).                            
    0162        MOVE 1 TO ERR.                                              
    0163    ST10.                                                           
    0164        IF K = 1 AND L = 1 MOVE P-N (K, L) TO PN-CH.                
    0165        IF P-N (K, L) = PN-CH GO TO ST11.                           
    0166        IF P-N (K, L) > PN-CH GO TO ST11.                           
    0167        IF P-N (K, L) NOT = 0 GO TO MERY.                           
    0168        IF L = 5  ADD K 1 GIVING RSN ELSE GO TO MARA.                   P R O G R A M   S 0 C M R 0 		COBOL 4(56)	29-MAR-73  09:18		PAGE 1-3

    0169        IF RSN = I GO TO ST11.                                      
    0170        GO TO MERY.                                                 
    0171    MARA.                                                           
    0172        ADD L 1 GIVING RSN.                                         
    0173        IF PNX (K, RSN) = '  ' GO TO ST11.                          
    0174    MERY.                                                           
    0175        MOVE 'WRONG SEQUENCE OF PROP.NO' TO DESC (K).               
    0176        MOVE 1 TO ERR.                                              
    0177    ST11.                                                           
    0178        MOVE P-N (K, L) TO PN-CH.                                   
    0179        ADD 1 TO L.                                                 
    0180        IF L NOT = 6 GO TO ST9.                                     
    0181        MOVE 1 TO L.                                                
    0182        ADD 1 TO K.                                                 
    0183        IF K NOT = I GO TO ST9.                                     
    0184        IF ERR NOT = '0' GO TO ST12.                                
    0185        MOVE 1 TO K.                                                
    0186    ST13.                                                           
    0187        MOVE ABC TO FORM (K).                                       
    0188        WRITE OUT FROM REC (K).                                     
    0189        ADD 1 TO K.                                                 
    0190        IF K NOT = I GO TO ST13.                                    
    0191    ST14.                                                           
    0192        MOVE SPACES TO CH-R.                                        
    0193        MOVE ZERO TO ERR.                                           
    0194        MOVE 1 TO I.                                                
    0195        MOVE IN-REC TO REC (I).                                     
    0196        ADD 1 TO I.                                                 
    0197        IF SW NOT = '0' GO TO EOJ.                                  
    0198        GO TO READ-REC.                                             
    0199    ST12.                                                           
    0200        MOVE 1 TO K.                                                
    0201        IF Y = '0' MOVE 1 TO Y DISPLAY H1. 
    0202    ST15.                                                           
    0203        DISPLAY RECORD--X (K). 
    0204        ADD 1 TO K.                                                 
    0205        IF K NOT = I GO TO ST15.                                    
    0206        GO TO ST14.                                                 
    0207    EOR.                                                            
    0208        IF A = '0' MOVE 1 TO SW GO TO ST4.                          
    0209    EOJ.                                                            
    0210        CLOSE        DATA1                                         
    0211        CLOSE        AMFTG                                         
    0212        STOP RUN. 
    0213     

NO ERRORS DETECTED
  