UPDATM.F4	F40	V26(10)	15-MAY-73	15:22	PAGE 1


  		      C****************************************************************
UPDATM.F4	F40	V26(10)	15-MAY-73	15:22	PAGE 2


  		      C*     COPYRIGHT        TEKTRONIX, INC    1973
  		      C*                       BEAVERTON, OREGON
  		      C*     PLOT-10/DECISION MAKER RELEASE 1.0 - VERSION 1
  		      C*               MODIFICATION LEVEL 0
  		      C****************************************************************
  		            		SUBROUTINE UPDATM
  		      C
  		            REAL WORD(40),YDUM(600),XDUM(300),SEG(600)
  		            INTEGER SNAM,TTY,DOL,BLNK,MENULT(2,7),IA(40),LINE(80),KEY(40),
  		           *         IM(5),IM1(5),IM2(4),IM3(3),IM4(12)
  		      C
  		            DATA MENULT/'LIST','    ','REPL','ACE ','INSE','RT  ',
  		           *	'DELE','TE  ','APPE','ND  ','INOU','T   ','END ','    '/,
  		           *	DOL/'$'/,BLNK/' '/,MAXLIN/35/,TTY/5/,
  		           *   IM/'NOT ','FOR ','PAIR','ED D','ATA.'/,
  		           *   IM1/'ENTE','R NE','W EL','EMEN','TS-'/,
  		           *   IM2/'ENTE','R X-','Y PA','IR-'/,
  		           *   IM3/'INPU','T ER','ROR.'/,
  		           *   IM4/'ENTE','R IN','DEX ','AFTE','R WH','ICH ','DATA',
  		           *       ' IS ','TO B','E IN','SERT','ED-'/
  		      C
  		            COMMON /GAMA1/IFILE,WA(2560),YDATA(600),XDATA(300),WORK(1200)
  		      C
  		            EQUIVALENCE (IA(1),WORK(121)),(LINE(1),WORK(181)),
  		           *              (KEY(1),WORK(261)),(WORD(1),WORK(301)),
  		           *              (YDUM(1),WORK(341)),(XDUM(1),WORK(941)),
  		           *              (SEG(1),YDUM(1))
  		      C
  		            CALL READER
  		      C
  		            IMENU = 1
  		            CALL NEWPAG
  		            CALL WRITEL(WORK,0)
  		      C
  		      C----- DISPLAY MENU AND SELECT CORESPONDING ROUTINE.
  		      C
  		      110   CONTINUE
  		            CALL MENUG(MENULT,2,7,IMENU,900,780,J)
  		            IF(IMENU.EQ.36) GO TO 8000
  		            IMENU = 0
  		            IF(J.EQ.8) GO TO 8000
  		            CALL MESAGE(1)
  		            READ(TTY,1) SNAM
  		      1     FORMAT(1A4)
  		            IF(SNAM.EQ.BLNK .OR. SNAM.EQ.DOL) GO TO 8000
  		      C
  		            CALL SEGGET(SNAM,ISEG)
  		            IF(ISEG.EQ.0) GO TO 110
  		      C
  		            CALL GETD(XDATA,YDATA,NO,PNTPYR,WA(ISEG))
  		      C
  		            CALL GETT(WORK(1),ILEN,WA(ISEG))
  		      C
UPDATM.F4	F40	V26(10)	15-MAY-73	15:22	PAGE 3


  		            GO TO (1000,2000,3000,4000,5000,6000,7000),J
  		      C
  		      1000  CONTINUE
  		            CALL MESAGE(2)
  		            GO TO 110
  		      C
  		      C
  		      C-----			LIST OPTION
  		      2000  CONTINUE
  		            IMENU = 1
  		            INO = IABS(NO)
  		            IPAGE = 1
  		            J = 1
  		            GO TO 2020
  		      C
  		      2010  CONTINUE
  		            IF(LINES.LT.MAXLIN) GO TO 2030
  		            CALL HOME
  		            WRITE(TTY,5) IPAGE
  		            IPAGE = IPAGE + 1
  		            READ(TTY,3) I
  		      3     FORMAT(1A1)
  		            IF(I.EQ.DOL) GO TO 2060
  		      C
  		      2020  CONTINUE
  		            CALL NEWPAG
  		            CALL WRITEL(WORK,0)
  		            CALL PTITLE(WA(ISEG))
  		            WRITE(TTY,2)
  		      2     FORMAT(' ')
  		            LINES = 5
  		      5     FORMAT(1X,44X,'PAGE ',I3/)
  		      C
  		      2030  CONTINUE
  		            K = J + 4
  		            IF(K.GT.INO) K = INO
  		            IF(NO.GT.0) GO TO 2040
  		      C
  		            WRITE(TTY,6) J,K,(YDATA(I),I=J,K)
  		      6     FORMAT(1X,I3,'-',I3,5X,5F10.2)
  		            GO TO 2050
  		      C
  		      2040  CONTINUE
  		            WRITE(TTY,7) J,K,(XDATA(I),YDATA(I),I=J,K)
  		            LINES = LINES + 1
  		      7     FORMAT(1X,I3,'-',I3,2X,3('(',F7.2,',',F7.2,')'),
  		           *  /10X,2('(',F7.2,',',F7.2,')'))
  		      2050  CONTINUE
  		            LINES = LINES + 1
  		            J = J + 5
  		            IF(J.LE.INO) GO TO 2010
  		            CALL HOME
  		            WRITE(TTY,5) IPAGE
UPDATM.F4	F40	V26(10)	15-MAY-73	15:22	PAGE 4


  		            IPAGE = IPAGE + 1
  		            READ(TTY,3) I
  		      2060  CONTINUE
  		            CALL NEWPAG
  		            GO TO 110
  		      C
  		      C-----                 REPLACE OPTION
  		      C
  		      3000  CONTINUE
  		            INO = IABS(NO)
  		            CALL INDEXM(INO)
  		            IF(INO.EQ.0) GO TO 110
  		            IF(NO.GT.0) GO TO 3020
  		            CALL WRITEL(IM1,19)
  		      8     FORMAT(80A1)
  		            READ(TTY,8) LINE
  		            CALL ALIST(LINE,KEY,WORD,1,80)
  		            DO 3010 I = 1,INO
  		            IF(KEY(I).NE.9) GO TO 3010
  		            CALL WRITEL(IM3,12)
  		            GO TO 3000
  		      3010  YDATA(IA(I)) = WORD(I)
  		            CALL SAVED(XDATA,YDATA,NO,PNTPYR,WA(ISEG))
  		            GO TO 110
  		      C
  		      3020  CONTINUE
  		            DO 3040 I = 1,INO
  		      3025  CALL WRITEL(IM2,15)
  		            READ(TTY,8) LINE
  		            CALL ALIST(LINE,KEY,WORD,1,80)
  		            IF(KEY(1).NE.9 .AND. KEY(2).NE.9 .AND. KEY(3).EQ.9) GO TO 3030
  		            CALL WRITEL(IM3,12)
  		            GO TO 3025
  		      3030  CONTINUE
  		            XDATA(IA(I)) = WORD(1)
  		            YDATA(IA(I)) = WORD(2)
  		      3040  CONTINUE
  		            CALL SAVED(XDATA,YDATA,NO,PNTPYR,WA(ISEG))
  		            GO TO 110
  		      C
  		      C-----               INSERT OPTION
  		      4000  CONTINUE
  		            INO = IABS(NO)
  		            CALL WRITEL(IM4,47)
  		            READ(TTY,8) LINE
  		            CALL ALIST(LINE,KEY,WORD,1,80)
  		            IF(KEY(1).EQ.2 .AND. WORD(1).LE.INO .AND. WORD(1).GE.0) GO TO 4020
  		            IF(KEY(1).NE.9) GO TO 4010
  		      C
  		            WORD(1) = 0.0
  		            GO TO 4020
  		      C
  		      4010  CONTINUE
UPDATM.F4	F40	V26(10)	15-MAY-73	15:22	PAGE 5


  		            CALL WRITEL(IM3,12)
  		            GO TO 4000
  		      C
  		      4020  CONTINUE
  		            ISTRT = WORD(1) + 1
  		            IF(NO.GT.0) GO TO 4200
  		            IF(ISTRT.NE.1) GO TO 4070
  		      C
  		      C INSERT AT FRONT OF YDATA, SDATE MUST BE UPDATED.
  		            ICNT = 1
  		            CALL WRITEL(IM1,19)
  		            READ(TTY,8) LINE
  		            CALL ALIST(LINE,KEY,WORD,1,80)
  		      4030  CONTINUE
  		            IF(KEY(ICNT).EQ.9) GO TO 4040
  		            YDUM(ICNT) = WORD(ICNT)
  		            ICNT = ICNT + 1
  		            GO TO 4030
  		      C
  		      4040  CONTINUE
  		            ICNT = ICNT - 1
  		            DO 4050 I = 1,INO
  		      4050  YDUM(I + ICNT) = YDATA(I)
  		            I = XDATA(1)
  		            J = PNTPYR
  		      C
  		            CALL DTADD(I,-ICNT,J,I)
  		            XDATA(1) = I
  		      C
  		            INO = INO + ICNT
  		            NO = -INO
  		      4055  DO 4060 I = 1,INO
  		      4060  YDATA(I) = YDUM(I)
  		            GO TO 4099
  		      C
  		      C INSERT DATA AFTER FRONT OF LIST.
  		      4070  CONTINUE
  		            DO 4080 I = 1,ISTRT
  		      4080  YDUM(I) = YDATA(I)
  		            CALL WRITEL(IM1,19)
  		            READ(TTY,8) LINE
  		            CALL ALIST(LINE,KEY,WORD,1,80)
  		            ICNT = 1
  		      4090  CONTINUE
  		            IF(KEY(ICNT).EQ.9) GO TO 4100
  		            YDUM(ICNT + ISTRT - 1) = WORD(ICNT)
  		            ICNT = ICNT + 1
  		            GO TO 4090
  		      C
  		      4100  CONTINUE
  		            ICNT = ICNT - 1
  		            INO = INO + ICNT
  		            NO = -INO
UPDATM.F4	F40	V26(10)	15-MAY-73	15:22	PAGE 6


  		            DO 4110 I = ISTRT,INO
  		      4110  YDUM(I+ICNT) = YDATA(I)
  		      C
  		            DO 4120 I = 1,INO
  		      4120  YDATA(I) = YDUM(I)
  		            GO TO 4099
  		      C
  		      C DATA IS IN PAIRS
  		      4200  CONTINUE
  		            ICNT = 1
  		            IF(ISTRT.EQ.1) GO TO 4220
  		            DO 4210 I = 1,ISTRT
  		            XDUM(I) = XDATA(I)
  		      4210  YDUM(I) = YDATA(I)
  		      C
  		      4220  CONTINUE
  		            CALL WRITEL(IM2,15)
  		            READ(TTY,8) LINE
  		            CALL ALIST(LINE,KEY,WORD,1,80)
  		            IF(KEY(1).EQ.9) GO TO 4240
  		            IF(KEY(2).NE.9 .AND. KEY(3).EQ.9) GO TO 4230
  		            CALL WRITEL(IM3,12)
  		            GO TO 4220
  		      4230  CONTINUE
  		            XDUM(ICNT+ISTRT-1) = WORD(1)
  		            YDUM(ICNT+ISTRT-1) = WORD(2)
  		            ICNT = ICNT + 1
  		            GO TO 4220
  		      C
  		      4240  CONTINUE
  		            ICNT = ICNT - 1
  		            NO = NO + ICNT
  		            IF(ISTRT.EQ.INO) GO TO 4255
  		            DO 4250 I = ISTRT,NO
  		            XDUM(I+ICNT) = XDATA(I)
  		      4250  YDUM(I+ICNT) = YDATA(I)
  		      C
  		      4255  DO 4260 I = 1,NO
  		            XDATA(I) = XDUM(I)
  		      4260  YDATA(I) = YDUM(I)
  		      C
  		      4099  CONTINUE
  		            DO 4910 I = 1,15
  		      4910  SEG(I) = 0
  		      C
  		      C----- BUILD AND SAVE NEW UPDATED SEGMENT
  		            CALL SAVET(WORK(1),ILEN,SEG)
  		            CALL GETU(WORK(1),ILEN,WA(ISEG))
  		            CALL SAVEU(WORK(1),ILEN,SEG)
  		            CALL GETL(WORK(1),ILEN,WA(ISEG))
  		            CALL SAVEL(WORK(1),ILEN,SEG)
  		            CALL SAVED(XDATA,YDATA,NO,PNTPYR,SEG)
  		            CALL SEGSAV(SNAM,SEG)
UPDATM.F4	F40	V26(10)	15-MAY-73	15:23	PAGE 7


  		            GO TO 110
  		      C
  		      C
  		      C-----                DELETE OPTION
  		      5000  CONTINUE
  		            J = IABS(NO)
  		            INO = J
  		            CALL INDEXM(J)
  		            IF(INO.EQ.0) GO TO 110
  		      C
  		            K = 1
  		            DO 5030 I = 1,INO
  		            DO 5010 L = 1,J
  		            IF(IA(L).EQ.I) GO TO 5030
  		      5010  CONTINUE
  		            IF(N0.LT.0) GO TO 5020
  		            XDUM(K) = XDATA(I)
  		      5020  CONTINUE
  		            YDUM(K) = YDATA(I)
  		            K = K + 1
  		      5030  CONTINUE
  		      C
  		            K = K - 1
  		            IF(NO.GT.0) GO TO 5070
  		      C
  		      C PERIODIC DATA
  		            DO 5050 I = 1,INO
  		            DO 5040 L = 1,J
  		            IF(IA(L).EQ.I) GO TO 5050
  		      5040  CONTINUE
  		            GO TO 5060
  		      5050  CONTINUE
  		      C
  		      5060  CONTINUE
  		            I = I - 1
  		      C
  		      C ADD TO SDATE IF ELEMENTS WERE DELETED FROM FRONT OF DATA
  		            J = XDATA(1)
  		            L = PNTPYR
  		            CALL DTADD(J,I,L,J)
  		            XDATA(1) = J
  		      C
  		            NO = - K
  		            INO = K
  		            GO TO 4055
  		      C
  		      C PAIRED DATA
  		      5070  CONTINUE
  		            NO = K
  		            GO TO 4255
  		      C
  		      C
  		      C-----                   APPEND OPTION
UPDATM.F4	F40	V26(10)	15-MAY-73	15:23	PAGE 8


  		      6000  CONTINUE
  		            INO = IABS(NO)
  		            ISTRT = INO + 1
  		            IF(PNTPYR.GT.0) GO TO 4070
  		            GO TO 4200
  		      C
  		      C
  		      C-----                 INOUT OPTION
  		      7000  CONTINUE
  		            IF(NO.LT.0) GO TO 7010
  		            CALL WRITEL(IM,20)
  		            GO TO 110
  		      C
  		      7010  CONTINUE
  		            CALL WRITEL(IM1,19)
  		            READ(TTY,8) LINE
  		            CALL ALIST(LINE,KEY,WORD,1,80)
  		            I = 1
  		      C
  		      7020  CONTINUE
  		            IF(KEY(I).EQ.9) GO TO 7030
  		            I = I + 1
  		            GO TO 7020
  		      C
  		      7030  CONTINUE
  		            J = XDATA(1)
  		            K = PNTPYR
  		            CALL DTADD(J,I-1,K,J)
  		            XDATA(1) = J
  		      C
  		            INO = IABS(NO)
  		            K = 1
  		            DO 7040 J = I,INO
  		            YDATA(K) = YDATA(J)
  		            K = K + 1
  		      7040  CONTINUE
  		      C
  		            I = I - 1
  		            DO 7050 J = 1,I
  		            YDATA(K) = WORD(J)
  		            K = K + 1
  		      7050  CONTINUE
  		            GO TO 4099
  		      C
  		      C
  		      C-----                 END OPTION
  		      8000  CONTINUE
  		            CALL WRITER
  		            CALL NEWPAG
  		            CALL WRITEL(' ',0)
  		            RETURN
  		            END

UPDATM.F4	F40	V26(10)	15-MAY-73	15:23	PAGE 9


CONSTANTS

0	000000000000	1	000000000002	2	000000000007	3	000000001604	4	000000001414
5	000000000001	6	000000000023	7	000000000120	10	000000000014	11	000000000017
12	000000000057	13	000000000024	14	201004020100	15	000000000000	

COMMON

IFILE 	/GAMA1 /+0	WA    	/GAMA1 /+1	YDATA 	/GAMA1 /+5001	XDATA 	/GAMA1 /+6131	WORK  	/GAMA1 /+6605
IA    	/GAMA1 /+6775	LINE  	/GAMA1 /+7071	KEY   	/GAMA1 /+7211	WORD  	/GAMA1 /+7261	YDUM  	/GAMA1 /+7331
XDUM  	/GAMA1 /+10461	SEG   	/GAMA1 /+7331	

SUBPROGRAMS

READER	NEWPAG	WRITEL	MENUG 	MESAGE	ALPHO.	ALPHI.	SEGGET	GETD  	GETT  	IABS  	HOME  	PTITLE	INTO. 	INTI. 
FLOUT.	FLIRT.	INDEXM	ALIST 	SAVED 	FLOAT 	INT   	DTADD 	SAVET 	GETU  	SAVEU 	GETL  	SAVEL 	SEGSAV	WRITER

SCALARS

UPDATM	1452		DOL   	1453		BLNK  	1454		MAXLIN	1455		TTY   	1456	
IMENU 	1457		J     	1460		SNAM  	1461		ISEG  	1462		NO    	1463	
PNTPYR	1464		ILEN  	1465		INO   	1466		IPAGE 	1467		LINES 	1470	
I     	1471		K     	1472		ISTRT 	1473		ICNT  	1474		L     	1475	
N0    	1476		IFILE 	0		

ARRAYS

WORD  	7261		YDUM  	7331		XDUM  	10461		SEG   	7331		MENULT	1477	
IA    	6775		LINE  	7071		KEY   	7211		IM    	1515		IM1   	1522	
IM2   	1527		IM3   	1533		IM4   	1536		WA    	1		YDATA 	5001	
XDATA 	6131		WORK  	6605		

 UPDATM
UPDATM.F4	F40	V26(10)	15-MAY-73	15:23	PAGE 10


  		      C****************************************************************
UPDATM.F4	F40	V26(10)	15-MAY-73	15:23	PAGE 11


  		      C*     COPYRIGHT        TEKTRONIX, INC    1973
  		      C*                       BEAVERTON, OREGON
  		      C*     PLOT-10/DECISION MAKER RELEASE 1.0 - VERSION 1
  		      C*               MODIFICATION LEVEL 0
  		      C****************************************************************
  		            SUBROUTINE INDEXM(MAX)
  		      C
  		            REAL WORD(40)
  		            INTEGER IA(40),LINE(80),KEY(40),TTY,IM1(6),IM2(3)
  		            DATA TTY/5/
  		      C
  		            COMMON /GAMA1/IFILE, WA(2560),YDATA(600),XDATA(300),WORK(1280)
  		      C
  		            EQUIVALENCE (IA(1),WORK(121)),(LINE(1),WORK(181)),
  		           *           (KEY(1),WORK(261)),(WORD(1),WORK(301))
  		      C
  		      C
  		            DATA IM1/'ENTE','R IN','DEX ','OF E','LEME','NTS-'/,
  		           *     IM2/'INPU','T ER','ROR.'/
  		      100   CONTINUE
  		      C
  		            CALL WRITEL(IM1,24)
  		      C
  		            READ(TTY,1) LINE
  		      1     FORMAT(80A1)
  		            CALL ALIST(LINE,KEY,WORD,1,80)
  		      C
  		            JPNT = 0
  		            IPNT = 1
  		            IF(KEY(IPNT).EQ.9) GO TO 160
  		            JPNT = 1
  		            IF(KEY(IPNT).NE.2) GO TO 170
  		      C
  		      110   CONTINUE
  		            I = WORD(IPNT)
  		            IF(I.GT.MAX .OR. I.LT.1) GO TO 170
  		            IPNT = IPNT + 1
  		      C
  		            IF(KEY(IPNT).EQ.2) GO TO 120
  		            IF(KEY(IPNT).EQ.9) GO TO 150
  		            IF(KEY(IPNT).EQ.5) GO TO 130
  		            GO TO 170
  		      C
  		      120   CONTINUE
  		            IA(JPNT) = I
  		            JPNT = JPNT + 1
  		            IF(KEY(IPNT).EQ.9) GO TO 160
  		            GO TO 110
  		      C
  		      130   CONTINUE
  		            IPNT = IPNT + 1
  		            IF(KEY(IPNT).NE.2) GO TO 170
  		            J = WORD(IPNT)
UPDATM.F4	F40	V26(10)	15-MAY-73	15:23	PAGE 12


  		            IF(J.GT.MAX .OR. I.GT.J .OR. J.LT.1) GO TO 170
  		            DO 140 K = I,J
  		            IA(JPNT) = K
  		            JPNT = JPNT + 1
  		      140   CONTINUE
  		            IPNT = IPNT + 1
  		            IF(KEY(IPNT).EQ.2) GO TO 110
  		            JPNT = JPNT - 1
  		            IF(KEY(IPNT).EQ.9) GO TO 160
  		            GO TO 170
  		      C
  		      150   CONTINUE
  		            IA(JPNT) = I
  		      C
  		      160   CONTINUE
  		            MAX = JPNT
  		            RETURN
  		      C
  		      170   CONTINUE
  		            CALL WRITEL(IM2,12)
  		            GO TO 100
  		            END

CONSTANTS

0	000000000030	1	000000000001	2	000000000120	3	000000000014	

GLOBAL DUMMIES

MAX   	216		

COMMON

IFILE 	/GAMA1 /+0	WA    	/GAMA1 /+1	YDATA 	/GAMA1 /+5001	XDATA 	/GAMA1 /+6131	WORK  	/GAMA1 /+6605
IA    	/GAMA1 /+6775	LINE  	/GAMA1 /+7071	KEY   	/GAMA1 /+7211	WORD  	/GAMA1 /+7261	

SUBPROGRAMS

WRITEL	ALPHO.	ALPHI.	ALIST 	INT   	

SCALARS

INDEXM	217		TTY   	220		JPNT  	221		IPNT  	222		I     	223	
MAX   	216		J     	224		K     	225		IFILE 	0		

ARRAYS

WORD  	7261		IA    	6775		LINE  	7071		KEY   	7211		IM1   	226	
IM2   	234		WA    	1		YDATA 	5001		XDATA 	6131		WORK  	6605	

 INDEXM
   