XYGRAF.F4	F40	V26(10)	15-MAY-73	15:19	PAGE 1


  		      C *******************DATA GRAPHER********
XYGRAF.F4	F40	V26(10)	15-MAY-73	15:19	PAGE 2


  		      C * DATA =DATA ARRAY
  		      C *NPNTS = NO. OF DATA ITEMS
  		      C *ISDAT = START DATE IN FORM YYYYMM
  		      C *YRS = NO. OF YEARS
  		      C *PNTPYR = POINTS PER YEAR
  		      C *MCLT = MARK CODE AND LINE TYPE
  		      C *IOPTX = X AXIS OPTIONS
  		      C *IOPTY = Y AXIS OPTIONS
  		      C *NOPT = DATA OPTIONS
  		      C****************************************************************
  		      C*     COPYRIGHT        TEKTRONIX, INC    1973
  		      C*                       BEAVERTON, OREGON
  		      C*     PLOT-10/DECISION MAKER RELEASE 1.0 - VERSION 1
  		      C*               MODIFICATION LEVEL 0
  		      C****************************************************************
  		             SUBROUTINE TGRAPH(DATA,NPNTS,ISDAT,YRSN,PSPYR,MCLT,IOX,IOY,IOPT)
  		             DIMENSION DATA(300),M1(7),M2(8),ARY(2)
  		             DATA N1,N2/25,30/
  		             DATA M1/'ENTE','R Y ','AXIS',' MIN',' AND',' MAX','-'/
  		             DATA M2/'ENTE','R ST','ARTI','NG Y','EAR ','AND','YEAR','S-'/
  		            Y=NPNTS-1+MOD(ISDAT,100)
  		            IF(Y/PSPYR.GT.YRSN)YRSN=ROUNDU((Y+1.)/PSPYR,1.)
  		             IDASH=0
  		      C     512=INPUT USER LIMITS
  		      C     256=YLOG
  		      C     128=XLOG
  		      C     96=SCATTER
  		      C      64=NO DATA PLOT
  		      C      32=DASHED OPTION
  		      C      16=NO AXIS DRAWN
  		      C      1-15=NO OF SUBTICS
  		             LIMF=0
  		             NOPT=IOPT
  		             NOX=128+32+24
  		            IOPTX=IOX
  		            IOPTY=IOY
  		             NOPLT=0
  		             NOAX=0
  		            MC=MOD(MCLT,1023)
  		             IDASH=MCLT/1023
  		            SYR=ISDAT/100
  		            SPY=SYR
  		             IF(NOPT-512)70,71,71
  		      71     LIMF=1
  		             NOPT=NOPT-512
  		      70     IF(NOPT-256)50,51,51
  		      51     DO 52 I=1,NPNTS
  		      52     DATA(I)=ALOG10(DATA(I))
  		             NOPT=NOPT-256
  		      50     IF(NOPT-128)60,61,61
  		      61     NOPT=NOPT-128
  		      C    WE WILL NOT LOG A TIME AXIS
  		      60     IF(NOPT-64)40,41,41
XYGRAF.F4	F40	V26(10)	15-MAY-73	15:19	PAGE 3


  		      41     NOPLT=1
  		             NOPT=NOPT-64
  		      40     IF(NOPT-32)30,31,31
  		      31     IDASH=54
  		             NOPT=NOPT-32
  		      30     IF(NOPT-16)100,101,101
  		      100    CALL MNMX1(YMIN,YMAX,NPNTS,DATA)
  		             IF(LIMF.EQ.1)GO TO 110
  		            GO TO 120
  		      110    CALL WRITEL(M1,N1)
  		             IWO=2
  		             CALL FIN(5,ARY,IWO)
  		             IF(IWO.LE.0)GO TO 111
  		              YMAX=ARY(2)
  		             YMIN=ARY(1)
  		      111    IWO=2
  		             CALL WRITEL(M2,N2)
  		             CALL FIN(5,ARY,IWO)
  		             IF(IWO.LE.0)GO TO 120
  		             SYR=ARY(1)
  		             YRSN=ARY(2)
  		      120    CALL NICE(YMIN,YMAX,BOT,TOP,TICY)
  		             DIFF=TOP-BOT+0.0001
  		             SSYR=SYR
  		             SYRN=YRSN
  		             CALL VWINDO(SYR,YRSN,BOT,DIFF)
  		             GO TO 104
  		      C   SET SKIP AXIS OPTION
  		      101    NOPT=NOPT-16
  		             CALL VWINDO(SSYR,SYRN,BOT,DIFF)
  		             NOAX=1
  		      104    IF(NOPLT)102,102,105
  		      105   IF(IDASH.EQ.0)GO TO 103
  		            IDASH=-1
  		      102    IDM=MOD(MC,127)
  		             INC=MC/127
  		            MTH=MOD(ISDAT,100)
  		            SS=SPY+FLOAT(MTH-1)/PSPYR
  		            CALL DATPLT(SS,DATA(1),-1,IDM,-1)
  		             DO 10 I=2,NPNTS
  		             X=SPY+FLOAT(MTH+I-2)/PSPYR
  		      10     CALL DATPLT(X,DATA(I),IDASH,IDM,INC)
  		      103    TICX=1
  		             IF(NOAX)20,20,22
  		      20      CALL AXIS(SYR,BOT,TICX,TICY,YRSN,DIFF,IOPTX,IOPTY)
  		      21     IF(NOPT)22,22,23
  		      C  NO OF SUBDIV IS WHATS LEFT
  		      23     DIV=NOPT
  		             CALL AXIS(SYR,BOT,1./DIV,TICY,YRSN,DIFF/2,NOX,128+32)
  		      22     RETURN
  		             END

CONSTANTS
XYGRAF.F4	F40	V26(10)	15-MAY-73	15:19	PAGE 4



0	000000000144	1	201400000000	2	000000001777	3	000000000005	4	163643334272
5	000000000177	6	000000000240	

GLOBAL DUMMIES

DATA  	443		NPNTS 	444		ISDAT 	445		YRSN  	446		PSPYR 	447	
MCLT  	450		IOX   	451		IOY   	452		IOPT  	453		

SUBPROGRAMS

MOD   	FLOAT 	ROUNDU	ALOG10	MNMX1 	WRITEL	FIN   	NICE  	VWINDO	DATPLT	AXIS  	

SCALARS

TGRAPH	456		N1    	457		N2    	460		Y     	461		NPNTS 	444	
ISDAT 	445		PSPYR 	447		YRSN  	446		IDASH 	462		LIMF  	463	
NOPT  	464		IOPT  	453		NOX   	465		IOPTX 	466		IOX   	451	
IOPTY 	467		IOY   	452		NOPLT 	470		NOAX  	471		MC    	472	
MCLT  	450		SYR   	473		SPY   	474		I     	475		YMIN  	476	
YMAX  	477		IWO   	500		BOT   	501		TOP   	502		TICY  	503	
DIFF  	504		SSYR  	505		SYRN  	506		IDM   	507		INC   	510	
MTH   	511		SS    	512		X     	513		TICX  	514		DIV   	515	

ARRAYS

DATA  	443		M1    	516		M2    	525		ARY   	535		

 TGRAPH
XYGRAF.F4	F40	V26(10)	15-MAY-73	15:19	PAGE 5


  		      C ***************DATA PAIR PLOTING ROUTINE******
XYGRAF.F4	F40	V26(10)	15-MAY-73	15:19	PAGE 6


  		      C *XDATA = X DATA ARRAY
  		      C *YDATA = Y DATA ARRAY
  		      C *NOPAR = NUMBER OF PAIRS OF DATA
  		      C *MCLT  = MARK CODE AND LINE TYPE
  		      C *IOPTX = X AXIS OPTIONS
  		      C *IOPTY = Y AXIS OPTIONS
  		      C *IOPT =GRAPH OPTIONS
  		      C****************************************************************
  		      C*     COPYRIGHT        TEKTRONIX, INC    1973
  		      C*                       BEAVERTON, OREGON
  		      C*     PLOT-10/DECISION MAKER RELEASE 1.0 - VERSION 1
  		      C*               MODIFICATION LEVEL 0
  		      C****************************************************************
  		            SUBROUTINE XYPLOT(XDATA,YDATA,NOPAR,MCLT,IOX,IOY,IOPT)
  		            DIMENSION XDATA(300),YDATA(600)
  		            DIMENSION ARY(2) ,M1(7),M2(7)
  		            DATA N1,N2/26,26/
  		             DATA M1/'ENTE','R Y ','AXIS',' MIN',' AND',' MAX','-'/
  		             DATA M2/'ENTE','R X ','AXIS',' MIN',' AND',' MAX','-'/
  		            IDASH=0
  		            IOPTX=IOX
  		            IOPTY=IOY
  		            NOPT=IOPT
  		            NOX=128+32+24
  		            NOPLT=0
  		            NOAX=0
  		             IF(IOPTX-1024)80,81,81
  		      81     IOPTX=IOPTX-1024
  		      80     MC=MOD(MCLT,1023)
  		             IDASH=MCLT/1023
  		             LIMF=0
  		             IF(NOPT-512)70,71,71
  		      71     LIMF=1
  		             NOPT=NOPT-512
  		      70     IF(NOPT-256)50,51,51
  		      51     DO 52 I=1,NOPAR
  		      52     YDATA(I)=ALOG10(YDATA(I))
  		             NOPT=NOPT-256
  		      50     IF(NOPT-128)60,61,61
  		      61     DO 62 I=1,NOPAR
  		      62     XDATA(I)=ALOG10(XDATA(I))
  		             NOPT=NOPT-128
  		      60    IF(NOPT-64)40,41,41
  		      41    NOPLT=1
  		            NOPT=NOPT-64
  		      40    IF(NOPT-32)30,31,31
  		      31    IDASH=54
  		            NOPT=NOPT-32
  		      30    IF(NOPT-16)100,101,101
  		      100   CALL MNMX1(YMIN,YMAX,NOPAR,YDATA)
  		            CALL MNMX1(XMIN,XMAX,NOPAR,XDATA)
  		            IF(LIMF.EQ.1)GO TO 110
  		            GO TO 120
XYGRAF.F4	F40	V26(10)	15-MAY-73	15:19	PAGE 7


  		      110    CALL WRITEL(M1,N1)
  		            IWO=2
  		             CALL FIN(5,ARY,IWO)
  		            IF(IWO.LE.0)GO TO 111
  		             YMIN=ARY(1)
  		             YMAX=ARY(2)
  		      111   IWO=2
  		            CALL WRITEL(M2,N2)
  		            CALL FIN(5,ARY,IWO)
  		            IF(IWO.LE.0)GO TO 120
  		             XMIN=ARY(1)
  		             XMAX=ARY(2)
  		      120   CALL NICE(YMIN,YMAX,BOTY,TOPY,TICY)
  		            CALL NICE(XMIN,XMAX,BOTX,TOPX,TICX)
  		            DIFFX=TOPX-BOTX+0.0001
  		            DIFFY=TOPY-BOTY+0.0001
  		            OBX=BOTX
  		            OBY=BOTY
  		            ODX=DIFFX
  		            ODY=DIFFY
  		            CALL VWINDO(BOTX,DIFFX,BOTY,DIFFY)
  		            GO TO 104
  		      101   NOPT=NOPT-16
  		            CALL VWINDO(OBX,ODX,OBY,ODY)
  		            NOAX=1
  		      104   IF(NOPLT)102,102,105
  		      105   IF(IDASH.EQ.0)GO TO 103
  		            IDASH=-1
  		      102   IDM=MOD(MC,127)
  		            INC=MC/127
  		            CALL DATPLT(XDATA(1),YDATA(1),-1,IDM,-1)
  		            DO 10 I=2,NOPAR
  		      10    CALL DATPLT(XDATA(I),YDATA(I),IDASH,IDM,INC)
  		      103   IF(NOAX)20,20,22
  		      20      CALL AXIS(BOTX,BOTY,TICX,TICY,DIFFX,DIFFY,IOPTX,IOPTY)
  		      21    IF(NOPT)22,22,23
  		      23    DIV=NOPT
  		            CALL AXIS(BOTX,BOTY,1./DIV,1./DIV,DIFFX/2,DIFFY/2,NOX,NOX)
  		      22    RETURN
  		            END

CONSTANTS

0	000000001777	1	000000000005	2	163643334272	3	000000000177	

GLOBAL DUMMIES

XDATA 	426		YDATA 	427		NOPAR 	430		MCLT  	431		IOX   	432	
IOY   	433		IOPT  	434		

SUBPROGRAMS

MOD   	ALOG10	MNMX1 	WRITEL	FIN   	NICE  	VWINDO	DATPLT	AXIS  	FLOAT 	
XYGRAF.F4	F40	V26(10)	15-MAY-73	15:19	PAGE 8



SCALARS

XYPLOT	440		N1    	441		N2    	442		IDASH 	443		IOPTX 	444	
IOX   	432		IOPTY 	445		IOY   	433		NOPT  	446		IOPT  	434	
NOX   	447		NOPLT 	450		NOAX  	451		MC    	452		MCLT  	431	
LIMF  	453		I     	454		NOPAR 	430		YMIN  	455		YMAX  	456	
XMIN  	457		XMAX  	460		IWO   	461		BOTY  	462		TOPY  	463	
TICY  	464		BOTX  	465		TOPX  	466		TICX  	467		DIFFX 	470	
DIFFY 	471		OBX   	472		OBY   	473		ODX   	474		ODY   	475	
IDM   	476		INC   	477		DIV   	500		

ARRAYS

XDATA 	426		YDATA 	427		ARY   	501		M1    	503		M2    	512	

 XYPLOT
XYGRAF.F4	F40	V26(10)	15-MAY-73	15:19	PAGE 9


  		      C****************************************************************
XYGRAF.F4	F40	V26(10)	15-MAY-73	15:19	PAGE 10


  		      C*     COPYRIGHT        TEKTRONIX, INC    1973
  		      C*                       BEAVERTON, OREGON
  		      C*     PLOT-10/DECISION MAKER RELEASE 1.0 - VERSION 1
  		      C*               MODIFICATION LEVEL 0
  		      C****************************************************************
  		      C ****************DATA IDENTIFIING PLOTER*****
  		      C *X,Y COORDINATES TO PLOT
  		      C *LINTYP = LINE TYPE IDENTIFIER
  		      C *IDM = ID MARK NO.
  		      C *INC = NO. OF POINTS BETWEEN ID MARKS
  		            SUBROUTINE DATPLT(X,Y,LINTYP,IDM,INC)
  		            DATA ICOUNT,IOM/1,0/
  		            CALL DASHA(X,Y,LINTYP)
  		            IF(IDM.EQ.0)RETURN
  		            IF(INC.EQ.-1)GO TO 112
  		            IF(IDM.NE.IOM)ICOUNT=1
  		            IOM=IDM
  		            IF(ICOUNT.NE.INC) GO TO 111
  		      112   CALL MARKG(IDM)
  		      100   ICOUNT=1
  		            RETURN
  		      111   ICOUNT=ICOUNT+1
  		            RETURN
  		            END

GLOBAL DUMMIES

X     	61		Y     	62		LINTYP	63		IDM   	64		INC   	65	

SUBPROGRAMS

DASHA 	MARKG 	

SCALARS

DATPLT	66		ICOUNT	67		IOM   	70		X     	61		Y     	62	
LINTYP	63		IDM   	64		INC   	65		

 DATPLT
XYGRAF.F4	F40	V26(10)	15-MAY-73	15:20	PAGE 11


  		      C ******************ID MARK MAKER*******
XYGRAF.F4	F40	V26(10)	15-MAY-73	15:20	PAGE 12


  		      C *ID = NO. OF ID MARK
  		      C****************************************************************
  		      C*     COPYRIGHT        TEKTRONIX, INC    1973
  		      C*                       BEAVERTON, OREGON
  		      C*     PLOT-10/DECISION MAKER RELEASE 1.0 - VERSION 1
  		      C*               MODIFICATION LEVEL 0
  		      C****************************************************************
  		            SUBROUTINE MARKG(ID)
  		            DATA IHSZ,IVSZ/0,0/
  		            IF(ID.LT.32)GO TO 111
  		            IF(IHSZ.EQ.0)CALL CSIZE(IHSZ,IVSZ)
  		            CALL MOVREL(-IHSZ/2,-IVSZ/2)
  		            CALL ANMODE
  		            CALL TOUTPT(ID)
  		            CALL MOVREL(IHSZ/2,IVSZ/2)
  		            RETURN
  		      111   CALL BELL
  		            RETURN
  		            END

GLOBAL DUMMIES

ID    	66		

SUBPROGRAMS

CSIZE 	MOVREL	ANMODE	TOUTPT	BELL  	

SCALARS

MARKG 	71		IHSZ  	72		IVSZ  	73		ID    	66		

 MARKG
  